Copyright 1986-2022 Xilinx, Inc. All Rights Reserved.
------------------------------------------------------------------------------------
| Tool Version : Vivado v.2022.2 (win64) Build 3671981 Fri Oct 14 05:00:03 MDT 2022
| Date         : Tue May 13 22:35:03 2025
| Host         : W1125 running 64-bit major release  (build 9200)
| Command      : upgrade_ip
| Device       : xc7z020clg400-1
------------------------------------------------------------------------------------

Upgrade Log for IP 'design_1_HOGv22_0_6'

1. Summary
----------

SUCCESS in the upgrade of design_1_HOGv22_0_6 (xilinx.com:user:HOGv22:1.0) from (Rev. 96) to (Rev. 97)






Copyright 1986-2022 Xilinx, Inc. All Rights Reserved.
------------------------------------------------------------------------------------
| Tool Version : Vivado v.2022.2 (win64) Build 3671981 Fri Oct 14 05:00:03 MDT 2022
| Date         : Tue May 13 21:37:29 2025
| Host         : W1125 running 64-bit major release  (build 9200)
| Command      : upgrade_ip
| Device       : xc7z020clg400-1
------------------------------------------------------------------------------------

Upgrade Log for IP 'design_1_HOGv22_0_6'

1. Summary
----------

SUCCESS in the upgrade of design_1_HOGv22_0_6 (xilinx.com:user:HOGv22:1.0) from (Rev. 95) to (Rev. 96)






Copyright 1986-2022 Xilinx, Inc. All Rights Reserved.
------------------------------------------------------------------------------------
| Tool Version : Vivado v.2022.2 (win64) Build 3671981 Fri Oct 14 05:00:03 MDT 2022
| Date         : Tue May 13 19:16:18 2025
| Host         : W1125 running 64-bit major release  (build 9200)
| Command      : upgrade_ip
| Device       : xc7z020clg400-1
------------------------------------------------------------------------------------

Upgrade Log for IP 'design_1_HOGv22_0_6'

1. Summary
----------

SUCCESS in the upgrade of design_1_HOGv22_0_6 (xilinx.com:user:HOGv22:1.0) from (Rev. 94) to (Rev. 95)






Copyright 1986-2022 Xilinx, Inc. All Rights Reserved.
------------------------------------------------------------------------------------
| Tool Version : Vivado v.2022.2 (win64) Build 3671981 Fri Oct 14 05:00:03 MDT 2022
| Date         : Tue May 13 17:52:15 2025
| Host         : W1125 running 64-bit major release  (build 9200)
| Command      : upgrade_ip
| Device       : xc7z020clg400-1
------------------------------------------------------------------------------------

Upgrade Log for IP 'design_1_HOGv22_0_6'

1. Summary
----------

SUCCESS in the upgrade of design_1_HOGv22_0_6 (xilinx.com:user:HOGv22:1.0) from (Rev. 93) to (Rev. 94)






Copyright 1986-2022 Xilinx, Inc. All Rights Reserved.
------------------------------------------------------------------------------------
| Tool Version : Vivado v.2022.2 (win64) Build 3671981 Fri Oct 14 05:00:03 MDT 2022
| Date         : Tue May 13 17:29:12 2025
| Host         : W1125 running 64-bit major release  (build 9200)
| Command      : upgrade_ip
| Device       : xc7z020clg400-1
------------------------------------------------------------------------------------

Upgrade Log for IP 'design_1_HOGv22_0_6'

1. Summary
----------

SUCCESS in the upgrade of design_1_HOGv22_0_6 (xilinx.com:user:HOGv22:1.0) from (Rev. 92) to (Rev. 93)






Copyright 1986-2022 Xilinx, Inc. All Rights Reserved.
------------------------------------------------------------------------------------
| Tool Version : Vivado v.2022.2 (win64) Build 3671981 Fri Oct 14 05:00:03 MDT 2022
| Date         : Tue May 13 16:11:02 2025
| Host         : W1125 running 64-bit major release  (build 9200)
| Command      : upgrade_ip
| Device       : xc7z020clg400-1
------------------------------------------------------------------------------------

Upgrade Log for IP 'design_1_HOGv22_0_6'

1. Summary
----------

SUCCESS in the upgrade of design_1_HOGv22_0_6 (xilinx.com:user:HOGv22:1.0) from (Rev. 91) to (Rev. 92)






Copyright 1986-2022 Xilinx, Inc. All Rights Reserved.
------------------------------------------------------------------------------------
| Tool Version : Vivado v.2022.2 (win64) Build 3671981 Fri Oct 14 05:00:03 MDT 2022
| Date         : Tue May 13 16:06:32 2025
| Host         : W1125 running 64-bit major release  (build 9200)
| Command      : upgrade_ip
| Device       : xc7z020clg400-1
------------------------------------------------------------------------------------

Upgrade Log for IP 'design_1_HOGv22_0_6'

1. Summary
----------

SUCCESS in the upgrade of design_1_HOGv22_0_6 (xilinx.com:user:HOGv22:1.0) from (Rev. 90) to (Rev. 91)






Copyright 1986-2022 Xilinx, Inc. All Rights Reserved.
------------------------------------------------------------------------------------
| Tool Version : Vivado v.2022.2 (win64) Build 3671981 Fri Oct 14 05:00:03 MDT 2022
| Date         : Tue May 13 15:50:30 2025
| Host         : W1125 running 64-bit major release  (build 9200)
| Command      : upgrade_ip
| Device       : xc7z020clg400-1
------------------------------------------------------------------------------------

Upgrade Log for IP 'design_1_HOGv22_0_6'

1. Summary
----------

SUCCESS in the upgrade of design_1_HOGv22_0_6 (xilinx.com:user:HOGv22:1.0) from (Rev. 89) to (Rev. 90)






Copyright 1986-2022 Xilinx, Inc. All Rights Reserved.
------------------------------------------------------------------------------------
| Tool Version : Vivado v.2022.2 (win64) Build 3671981 Fri Oct 14 05:00:03 MDT 2022
| Date         : Mon May 12 23:39:03 2025
| Host         : W1125 running 64-bit major release  (build 9200)
| Command      : upgrade_ip
| Device       : xc7z020clg400-1
------------------------------------------------------------------------------------

Upgrade Log for IP 'design_1_HOGv22_0_6'

1. Summary
----------

SUCCESS in the upgrade of design_1_HOGv22_0_6 (xilinx.com:user:HOGv22:1.0) from (Rev. 88) to (Rev. 89)






Copyright 1986-2022 Xilinx, Inc. All Rights Reserved.
------------------------------------------------------------------------------------
| Tool Version : Vivado v.2022.2 (win64) Build 3671981 Fri Oct 14 05:00:03 MDT 2022
| Date         : Mon May 12 22:49:28 2025
| Host         : W1125 running 64-bit major release  (build 9200)
| Command      : upgrade_ip
| Device       : xc7z020clg400-1
------------------------------------------------------------------------------------

Upgrade Log for IP 'design_1_HOGv22_0_6'

1. Summary
----------

SUCCESS in the upgrade of design_1_HOGv22_0_6 (xilinx.com:user:HOGv22:1.0) from (Rev. 87) to (Rev. 88)






Copyright 1986-2022 Xilinx, Inc. All Rights Reserved.
------------------------------------------------------------------------------------
| Tool Version : Vivado v.2022.2 (win64) Build 3671981 Fri Oct 14 05:00:03 MDT 2022
| Date         : Mon May 12 22:25:51 2025
| Host         : W1125 running 64-bit major release  (build 9200)
| Command      : upgrade_ip
| Device       : xc7z020clg400-1
------------------------------------------------------------------------------------

Upgrade Log for IP 'design_1_HOGv22_0_6'

1. Summary
----------

SUCCESS in the upgrade of design_1_HOGv22_0_6 (xilinx.com:user:HOGv22:1.0) from (Rev. 86) to (Rev. 87)






Copyright 1986-2022 Xilinx, Inc. All Rights Reserved.
------------------------------------------------------------------------------------
| Tool Version : Vivado v.2022.2 (win64) Build 3671981 Fri Oct 14 05:00:03 MDT 2022
| Date         : Mon May 12 22:11:27 2025
| Host         : W1125 running 64-bit major release  (build 9200)
| Command      : upgrade_ip
| Device       : xc7z020clg400-1
------------------------------------------------------------------------------------

Upgrade Log for IP 'design_1_HOGv22_0_6'

1. Summary
----------

SUCCESS in the upgrade of design_1_HOGv22_0_6 (xilinx.com:user:HOGv22:1.0) from (Rev. 85) to (Rev. 86)






Copyright 1986-2022 Xilinx, Inc. All Rights Reserved.
------------------------------------------------------------------------------------
| Tool Version : Vivado v.2022.2 (win64) Build 3671981 Fri Oct 14 05:00:03 MDT 2022
| Date         : Thu May  8 23:33:52 2025
| Host         : W1125 running 64-bit major release  (build 9200)
| Command      : upgrade_ip
| Device       : xc7z020clg400-1
------------------------------------------------------------------------------------

Upgrade Log for IP 'design_1_HOGv22_0_6'

1. Summary
----------

SUCCESS in the upgrade of design_1_HOGv22_0_6 (xilinx.com:user:HOGv22:1.0) from (Rev. 84) to (Rev. 85)






Copyright 1986-2022 Xilinx, Inc. All Rights Reserved.
------------------------------------------------------------------------------------
| Tool Version : Vivado v.2022.2 (win64) Build 3671981 Fri Oct 14 05:00:03 MDT 2022
| Date         : Thu May  8 23:31:24 2025
| Host         : W1125 running 64-bit major release  (build 9200)
| Command      : upgrade_ip
| Device       : xc7z020clg400-1
------------------------------------------------------------------------------------

Upgrade Log for IP 'design_1_HOGv22_0_6'

1. Summary
----------

SUCCESS in the upgrade of design_1_HOGv22_0_6 (xilinx.com:user:HOGv22:1.0) from (Rev. 83) to (Rev. 84)






Copyright 1986-2022 Xilinx, Inc. All Rights Reserved.
------------------------------------------------------------------------------------
| Tool Version : Vivado v.2022.2 (win64) Build 3671981 Fri Oct 14 05:00:03 MDT 2022
| Date         : Thu May  8 22:33:19 2025
| Host         : W1125 running 64-bit major release  (build 9200)
| Command      : upgrade_ip
| Device       : xc7z020clg400-1
------------------------------------------------------------------------------------

Upgrade Log for IP 'design_1_HOGv22_0_6'

1. Summary
----------

SUCCESS in the upgrade of design_1_HOGv22_0_6 (xilinx.com:user:HOGv22:1.0) from (Rev. 82) to (Rev. 83)






Copyright 1986-2022 Xilinx, Inc. All Rights Reserved.
------------------------------------------------------------------------------------
| Tool Version : Vivado v.2022.2 (win64) Build 3671981 Fri Oct 14 05:00:03 MDT 2022
| Date         : Thu May  8 22:04:22 2025
| Host         : W1125 running 64-bit major release  (build 9200)
| Command      : upgrade_ip
| Device       : xc7z020clg400-1
------------------------------------------------------------------------------------

Upgrade Log for IP 'design_1_HOGv22_0_6'

1. Summary
----------

SUCCESS in the upgrade of design_1_HOGv22_0_6 (xilinx.com:user:HOGv22:1.0) from (Rev. 81) to (Rev. 82)






Copyright 1986-2022 Xilinx, Inc. All Rights Reserved.
------------------------------------------------------------------------------------
| Tool Version : Vivado v.2022.2 (win64) Build 3671981 Fri Oct 14 05:00:03 MDT 2022
| Date         : Thu May  8 21:23:06 2025
| Host         : W1125 running 64-bit major release  (build 9200)
| Command      : upgrade_ip
| Device       : xc7z020clg400-1
------------------------------------------------------------------------------------

Upgrade Log for IP 'design_1_HOGv22_0_6'

1. Summary
----------

SUCCESS in the upgrade of design_1_HOGv22_0_6 (xilinx.com:user:HOGv22:1.0) from (Rev. 80) to (Rev. 81)






Copyright 1986-2022 Xilinx, Inc. All Rights Reserved.
------------------------------------------------------------------------------------
| Tool Version : Vivado v.2022.2 (win64) Build 3671981 Fri Oct 14 05:00:03 MDT 2022
| Date         : Wed May  7 23:45:12 2025
| Host         : W1125 running 64-bit major release  (build 9200)
| Command      : upgrade_ip
| Device       : xc7z020clg400-1
------------------------------------------------------------------------------------

Upgrade Log for IP 'design_1_HOGv22_0_6'

1. Summary
----------

SUCCESS in the upgrade of design_1_HOGv22_0_6 (xilinx.com:user:HOGv22:1.0) from (Rev. 79) to (Rev. 80)






Copyright 1986-2022 Xilinx, Inc. All Rights Reserved.
------------------------------------------------------------------------------------
| Tool Version : Vivado v.2022.2 (win64) Build 3671981 Fri Oct 14 05:00:03 MDT 2022
| Date         : Wed May  7 23:11:34 2025
| Host         : W1125 running 64-bit major release  (build 9200)
| Command      : upgrade_ip
| Device       : xc7z020clg400-1
------------------------------------------------------------------------------------

Upgrade Log for IP 'design_1_HOGv22_0_6'

1. Summary
----------

SUCCESS in the upgrade of design_1_HOGv22_0_6 (xilinx.com:user:HOGv22:1.0) from (Rev. 78) to (Rev. 79)






Copyright 1986-2022 Xilinx, Inc. All Rights Reserved.
------------------------------------------------------------------------------------
| Tool Version : Vivado v.2022.2 (win64) Build 3671981 Fri Oct 14 05:00:03 MDT 2022
| Date         : Wed May  7 22:59:27 2025
| Host         : W1125 running 64-bit major release  (build 9200)
| Command      : upgrade_ip
| Device       : xc7z020clg400-1
------------------------------------------------------------------------------------

Upgrade Log for IP 'design_1_HOGv22_0_6'

1. Summary
----------

SUCCESS in the upgrade of design_1_HOGv22_0_6 (xilinx.com:user:HOGv22:1.0) from (Rev. 77) to (Rev. 78)






Copyright 1986-2022 Xilinx, Inc. All Rights Reserved.
------------------------------------------------------------------------------------
| Tool Version : Vivado v.2022.2 (win64) Build 3671981 Fri Oct 14 05:00:03 MDT 2022
| Date         : Wed May  7 22:34:02 2025
| Host         : W1125 running 64-bit major release  (build 9200)
| Command      : upgrade_ip
| Device       : xc7z020clg400-1
------------------------------------------------------------------------------------

Upgrade Log for IP 'design_1_HOGv22_0_6'

1. Summary
----------

CAUTION (success, with warnings) in the upgrade of design_1_HOGv22_0_6 (xilinx.com:user:HOGv22:1.0) from (Rev. 76) to (Rev. 77)

After upgrade, an IP may have parameter and port differences compared to the original customization. Please review the parameters within the IP customization GUI to ensure proper functionality. Also, please review the updated IP instantiation template to ensure proper connectivity, and update your design if required.

2. Connection Warnings
----------------------

Detected external port differences while upgrading 'design_1_HOGv22_0_6'. These changes may impact your design.


-Upgraded port 'out_cell_x_counter' width 3 differs from original width 2

-Upgraded port 'out_cell_y_counter' width 3 differs from original width 2







Copyright 1986-2022 Xilinx, Inc. All Rights Reserved.
------------------------------------------------------------------------------------
| Tool Version : Vivado v.2022.2 (win64) Build 3671981 Fri Oct 14 05:00:03 MDT 2022
| Date         : Wed May  7 17:37:41 2025
| Host         : W1125 running 64-bit major release  (build 9200)
| Command      : upgrade_ip
| Device       : xc7z020clg400-1
------------------------------------------------------------------------------------

Upgrade Log for IP 'design_1_HOGv22_0_6'

1. Summary
----------

SUCCESS in the upgrade of design_1_HOGv22_0_6 (xilinx.com:user:HOGv22:1.0) from (Rev. 75) to (Rev. 76)






Copyright 1986-2022 Xilinx, Inc. All Rights Reserved.
------------------------------------------------------------------------------------
| Tool Version : Vivado v.2022.2 (win64) Build 3671981 Fri Oct 14 05:00:03 MDT 2022
| Date         : Wed May  7 17:11:44 2025
| Host         : W1125 running 64-bit major release  (build 9200)
| Command      : upgrade_ip
| Device       : xc7z020clg400-1
------------------------------------------------------------------------------------

Upgrade Log for IP 'design_1_HOGv22_0_6'

1. Summary
----------

SUCCESS in the upgrade of design_1_HOGv22_0_6 (xilinx.com:user:HOGv22:1.0) from (Rev. 74) to (Rev. 75)






Copyright 1986-2022 Xilinx, Inc. All Rights Reserved.
------------------------------------------------------------------------------------
| Tool Version : Vivado v.2022.2 (win64) Build 3671981 Fri Oct 14 05:00:03 MDT 2022
| Date         : Wed May  7 16:34:31 2025
| Host         : W1125 running 64-bit major release  (build 9200)
| Command      : upgrade_ip
| Device       : xc7z020clg400-1
------------------------------------------------------------------------------------

Upgrade Log for IP 'design_1_HOGv22_0_6'

1. Summary
----------

CAUTION (success, with warnings) in the upgrade of design_1_HOGv22_0_6 (xilinx.com:user:HOGv22:1.0) from (Rev. 73) to (Rev. 74)

After upgrade, an IP may have parameter and port differences compared to the original customization. Please review the parameters within the IP customization GUI to ensure proper functionality. Also, please review the updated IP instantiation template to ensure proper connectivity, and update your design if required.

2. Connection Warnings
----------------------

Detected external port differences while upgrading 'design_1_HOGv22_0_6'. These changes may impact your design.


-Upgrade has added port 'out_cell_x_counter'

-Upgrade has added port 'out_cell_y_counter'







Copyright 1986-2022 Xilinx, Inc. All Rights Reserved.
------------------------------------------------------------------------------------
| Tool Version : Vivado v.2022.2 (win64) Build 3671981 Fri Oct 14 05:00:03 MDT 2022
| Date         : Wed May  7 15:26:21 2025
| Host         : W1125 running 64-bit major release  (build 9200)
| Command      : upgrade_ip
| Device       : xc7z020clg400-1
------------------------------------------------------------------------------------

Upgrade Log for IP 'design_1_HOGv22_0_6'

1. Summary
----------

SUCCESS in the upgrade of design_1_HOGv22_0_6 (xilinx.com:user:HOGv22:1.0) from (Rev. 72) to (Rev. 73)






Copyright 1986-2022 Xilinx, Inc. All Rights Reserved.
------------------------------------------------------------------------------------
| Tool Version : Vivado v.2022.2 (win64) Build 3671981 Fri Oct 14 05:00:03 MDT 2022
| Date         : Wed May  7 15:03:11 2025
| Host         : W1125 running 64-bit major release  (build 9200)
| Command      : upgrade_ip
| Device       : xc7z020clg400-1
------------------------------------------------------------------------------------

Upgrade Log for IP 'design_1_HOGv22_0_6'

1. Summary
----------

SUCCESS in the upgrade of design_1_HOGv22_0_6 (xilinx.com:user:HOGv22:1.0) from (Rev. 71) to (Rev. 72)






Copyright 1986-2022 Xilinx, Inc. All Rights Reserved.
------------------------------------------------------------------------------------
| Tool Version : Vivado v.2022.2 (win64) Build 3671981 Fri Oct 14 05:00:03 MDT 2022
| Date         : Tue May  6 23:43:52 2025
| Host         : W1125 running 64-bit major release  (build 9200)
| Command      : upgrade_ip
| Device       : xc7z020clg400-1
------------------------------------------------------------------------------------

Upgrade Log for IP 'design_1_HOGv22_0_6'

1. Summary
----------

CAUTION (success, with warnings) in the upgrade of design_1_HOGv22_0_6 (xilinx.com:user:HOGv22:1.0) from (Rev. 70) to (Rev. 71)

After upgrade, an IP may have parameter and port differences compared to the original customization. Please review the parameters within the IP customization GUI to ensure proper functionality. Also, please review the updated IP instantiation template to ensure proper connectivity, and update your design if required.

2. Connection Warnings
----------------------

Detected external port differences while upgrading 'design_1_HOGv22_0_6'. These changes may impact your design.


-Upgrade has added port 'out_bottom_left'

-Upgrade has added port 'out_bottom_right'

-Upgrade has added port 'out_top_left'

-Upgrade has added port 'out_top_right'







Copyright 1986-2022 Xilinx, Inc. All Rights Reserved.
------------------------------------------------------------------------------------
| Tool Version : Vivado v.2022.2 (win64) Build 3671981 Fri Oct 14 05:00:03 MDT 2022
| Date         : Tue May  6 22:34:28 2025
| Host         : W1125 running 64-bit major release  (build 9200)
| Command      : upgrade_ip
| Device       : xc7z020clg400-1
------------------------------------------------------------------------------------

Upgrade Log for IP 'design_1_HOGv22_0_6'

1. Summary
----------

CAUTION (success, with warnings) in the upgrade of design_1_HOGv22_0_6 (xilinx.com:user:HOGv22:1.0) from (Rev. 69) to (Rev. 70)

After upgrade, an IP may have parameter and port differences compared to the original customization. Please review the parameters within the IP customization GUI to ensure proper functionality. Also, please review the updated IP instantiation template to ensure proper connectivity, and update your design if required.

2. Connection Warnings
----------------------

Detected external port differences while upgrading 'design_1_HOGv22_0_6'. These changes may impact your design.


-Upgrade has added port 'out_Histograma'







Copyright 1986-2022 Xilinx, Inc. All Rights Reserved.
------------------------------------------------------------------------------------
| Tool Version : Vivado v.2022.2 (win64) Build 3671981 Fri Oct 14 05:00:03 MDT 2022
| Date         : Tue May  6 21:44:13 2025
| Host         : W1125 running 64-bit major release  (build 9200)
| Command      : upgrade_ip
| Device       : xc7z020clg400-1
------------------------------------------------------------------------------------

Upgrade Log for IP 'design_1_HOGv22_0_6'

1. Summary
----------

CAUTION (success, with warnings) in the upgrade of design_1_HOGv22_0_6 (xilinx.com:user:HOGv22:1.0) from (Rev. 68) to (Rev. 69)

After upgrade, an IP may have parameter and port differences compared to the original customization. Please review the parameters within the IP customization GUI to ensure proper functionality. Also, please review the updated IP instantiation template to ensure proper connectivity, and update your design if required.

2. Connection Warnings
----------------------

Detected external port differences while upgrading 'design_1_HOGv22_0_6'. These changes may impact your design.


-Upgrade has added port 'out_FSM'







Copyright 1986-2022 Xilinx, Inc. All Rights Reserved.
------------------------------------------------------------------------------------
| Tool Version : Vivado v.2022.2 (win64) Build 3671981 Fri Oct 14 05:00:03 MDT 2022
| Date         : Mon May  5 15:51:19 2025
| Host         : W1125 running 64-bit major release  (build 9200)
| Command      : upgrade_ip
| Device       : xc7z020clg400-1
------------------------------------------------------------------------------------

Upgrade Log for IP 'design_1_HOGv22_0_6'

1. Summary
----------

CAUTION (success, with warnings) in the upgrade of design_1_HOGv22_0_6 (xilinx.com:user:HOGv22:1.0) from (Rev. 67) to (Rev. 68)

After upgrade, an IP may have parameter and port differences compared to the original customization. Please review the parameters within the IP customization GUI to ensure proper functionality. Also, please review the updated IP instantiation template to ensure proper connectivity, and update your design if required.

2. Connection Warnings
----------------------

Detected external port differences while upgrading 'design_1_HOGv22_0_6'. These changes may impact your design.


-Upgrade has added port 'out_celda'







Copyright 1986-2022 Xilinx, Inc. All Rights Reserved.
------------------------------------------------------------------------------------
| Tool Version : Vivado v.2022.2 (win64) Build 3671981 Fri Oct 14 05:00:03 MDT 2022
| Date         : Mon May  5 14:40:43 2025
| Host         : W1125 running 64-bit major release  (build 9200)
| Command      : upgrade_ip
| Device       : xc7z020clg400-1
------------------------------------------------------------------------------------

Upgrade Log for IP 'design_1_HOGv22_0_6'

1. Summary
----------

SUCCESS in the upgrade of design_1_HOGv22_0_6 (xilinx.com:user:HOGv22:1.0) from (Rev. 66) to (Rev. 67)






Copyright 1986-2022 Xilinx, Inc. All Rights Reserved.
------------------------------------------------------------------------------------
| Tool Version : Vivado v.2022.2 (win64) Build 3671981 Fri Oct 14 05:00:03 MDT 2022
| Date         : Mon May  5 14:21:48 2025
| Host         : W1125 running 64-bit major release  (build 9200)
| Command      : upgrade_ip
| Device       : xc7z020clg400-1
------------------------------------------------------------------------------------

Upgrade Log for IP 'design_1_HOGv22_0_6'

1. Summary
----------

SUCCESS in the upgrade of design_1_HOGv22_0_6 (xilinx.com:user:HOGv22:1.0) from (Rev. 65) to (Rev. 66)






Copyright 1986-2022 Xilinx, Inc. All Rights Reserved.
------------------------------------------------------------------------------------
| Tool Version : Vivado v.2022.2 (win64) Build 3671981 Fri Oct 14 05:00:03 MDT 2022
| Date         : Mon May  5 00:41:26 2025
| Host         : W1125 running 64-bit major release  (build 9200)
| Command      : upgrade_ip
| Device       : xc7z020clg400-1
------------------------------------------------------------------------------------

Upgrade Log for IP 'design_1_HOGv22_0_6'

1. Summary
----------

SUCCESS in the upgrade of design_1_HOGv22_0_6 (xilinx.com:user:HOGv22:1.0) from (Rev. 64) to (Rev. 65)

