
*** Running vivado
    with args -log design_1_HOGv22_0_6.vds -m64 -product Vivado -mode batch -messageDb vivado.pb -notrace -source design_1_HOGv22_0_6.tcl



****** Vivado v2022.2 (64-bit)
  **** SW Build 3671981 on Fri Oct 14 05:00:03 MDT 2022
  **** IP Build 3669848 on Fri Oct 14 08:30:02 MDT 2022
    ** Copyright 1986-2022 Xilinx, Inc. All Rights Reserved.

source design_1_HOGv22_0_6.tcl -notrace
INFO: [IP_Flow 19-234] Refreshing IP repositories
INFO: [IP_Flow 19-1700] Loaded user IP repository 'd:/ProgramasDoctorado/PrimerIP/overlay/ip_repo'.
INFO: [IP_Flow 19-2313] Loaded Vivado IP repository 'C:/Xilinx/Vivado/2022.2/data/ip'.
INFO: [IP_Flow 19-6924] IPCACHE: Running cache check for IP inst: design_1_HOGv22_0_6
Command: synth_design -top design_1_HOGv22_0_6 -part xc7z020clg400-1 -incremental_mode off -mode out_of_context
Starting synth_design
Attempting to get a license for feature 'Synthesis' and/or device 'xc7z020'
INFO: [Common 17-349] Got license for feature 'Synthesis' and/or device 'xc7z020'
INFO: [Device 21-403] Loading part xc7z020clg400-1
INFO: [Synth 8-7079] Multithreading enabled for synth_design using a maximum of 2 processes.
INFO: [Synth 8-7078] Launching helper process for spawning children vivado processes
INFO: [Synth 8-7075] Helper process launched with PID 22232
INFO: [Synth 8-11241] undeclared symbol 'REGCCE', assumed default net type 'wire' [C:/Xilinx/Vivado/2022.2/data/verilog/src/unimacro/BRAM_SINGLE_MACRO.v:2170]
---------------------------------------------------------------------------------
Starting RTL Elaboration : Time (s): cpu = 00:00:04 ; elapsed = 00:00:04 . Memory (MB): peak = 1270.145 ; gain = 406.879
---------------------------------------------------------------------------------
INFO: [Synth 8-638] synthesizing module 'design_1_HOGv22_0_6' [d:/ProgramasDoctorado/PrimerIP/overlay/PrimerIP.gen/sources_1/bd/design_1/ip/design_1_HOGv22_0_6/synth/design_1_HOGv22_0_6.vhd:89]
	Parameter C_AXIS_TDATA_WIDTH bound to: 32 - type: integer 
INFO: [Synth 8-3491] module 'HOGv2_0_v1_0' declared at 'd:/ProgramasDoctorado/PrimerIP/overlay/PrimerIP.gen/sources_1/bd/design_1/ipshared/6574/hdl/HOGv2_0_v1_0.vhd:5' bound to instance 'U0' of component 'HOGv2_0_v1_0' [d:/ProgramasDoctorado/PrimerIP/overlay/PrimerIP.gen/sources_1/bd/design_1/ip/design_1_HOGv22_0_6/synth/design_1_HOGv22_0_6.vhd:152]
INFO: [Synth 8-638] synthesizing module 'HOGv2_0_v1_0' [d:/ProgramasDoctorado/PrimerIP/overlay/PrimerIP.gen/sources_1/bd/design_1/ipshared/6574/hdl/HOGv2_0_v1_0.vhd:48]
INFO: [Synth 8-3491] module 'top_hog_axi' declared at 'd:/ProgramasDoctorado/PrimerIP/overlay/PrimerIP.gen/sources_1/bd/design_1/ipshared/6574/src/Top_module.vhd:11' bound to instance 'dut' of component 'top_hog_axi' [d:/ProgramasDoctorado/PrimerIP/overlay/PrimerIP.gen/sources_1/bd/design_1/ipshared/6574/hdl/HOGv2_0_v1_0.vhd:85]
INFO: [Synth 8-638] synthesizing module 'top_hog_axi' [d:/ProgramasDoctorado/PrimerIP/overlay/PrimerIP.gen/sources_1/bd/design_1/ipshared/6574/src/Top_module.vhd:45]
	Parameter MBW bound to: 8 - type: integer 
	Parameter PBW bound to: 8 - type: integer 
	Parameter HP bound to: 34 - type: integer 
INFO: [Synth 8-3491] module 'edge_detection' declared at 'd:/ProgramasDoctorado/PrimerIP/overlay/PrimerIP.gen/sources_1/bd/design_1/ipshared/6574/src/edge_detection.vhd:10' bound to instance 'U_sobel' of component 'edge_detection' [d:/ProgramasDoctorado/PrimerIP/overlay/PrimerIP.gen/sources_1/bd/design_1/ipshared/6574/src/Top_module.vhd:259]
INFO: [Synth 8-638] synthesizing module 'edge_detection' [d:/ProgramasDoctorado/PrimerIP/overlay/PrimerIP.gen/sources_1/bd/design_1/ipshared/6574/src/edge_detection.vhd:27]
	Parameter PBW bound to: 8 - type: integer 
	Parameter HP bound to: 34 - type: integer 
INFO: [Synth 8-3491] module 'FIFO_control' declared at 'd:/ProgramasDoctorado/PrimerIP/overlay/PrimerIP.gen/sources_1/bd/design_1/ipshared/6574/src/FIFO_control.vhd:9' bound to instance 'A1' of component 'FIFO_control' [d:/ProgramasDoctorado/PrimerIP/overlay/PrimerIP.gen/sources_1/bd/design_1/ipshared/6574/src/edge_detection.vhd:148]
INFO: [Synth 8-638] synthesizing module 'FIFO_control' [d:/ProgramasDoctorado/PrimerIP/overlay/PrimerIP.gen/sources_1/bd/design_1/ipshared/6574/src/FIFO_control.vhd:31]
INFO: [Synth 8-256] done synthesizing module 'FIFO_control' (0#1) [d:/ProgramasDoctorado/PrimerIP/overlay/PrimerIP.gen/sources_1/bd/design_1/ipshared/6574/src/FIFO_control.vhd:31]
	Parameter MBW bound to: 8 - type: integer 
	Parameter PBW bound to: 8 - type: integer 
	Parameter HP bound to: 34 - type: integer 
INFO: [Synth 8-3491] module 'horizontal_gradient' declared at 'd:/ProgramasDoctorado/PrimerIP/overlay/PrimerIP.gen/sources_1/bd/design_1/ipshared/6574/src/horizontal_gradient.vhd:10' bound to instance 'A2' of component 'horizontal_gradient' [d:/ProgramasDoctorado/PrimerIP/overlay/PrimerIP.gen/sources_1/bd/design_1/ipshared/6574/src/edge_detection.vhd:165]
INFO: [Synth 8-638] synthesizing module 'horizontal_gradient' [d:/ProgramasDoctorado/PrimerIP/overlay/PrimerIP.gen/sources_1/bd/design_1/ipshared/6574/src/horizontal_gradient.vhd:23]
INFO: [Synth 8-256] done synthesizing module 'horizontal_gradient' (0#1) [d:/ProgramasDoctorado/PrimerIP/overlay/PrimerIP.gen/sources_1/bd/design_1/ipshared/6574/src/horizontal_gradient.vhd:23]
	Parameter MBW bound to: 8 - type: integer 
	Parameter PBW bound to: 8 - type: integer 
	Parameter HP bound to: 34 - type: integer 
INFO: [Synth 8-3491] module 'vertical_gradient' declared at 'd:/ProgramasDoctorado/PrimerIP/overlay/PrimerIP.gen/sources_1/bd/design_1/ipshared/6574/src/vertical_gradient.vhd:10' bound to instance 'A3' of component 'vertical_gradient' [d:/ProgramasDoctorado/PrimerIP/overlay/PrimerIP.gen/sources_1/bd/design_1/ipshared/6574/src/edge_detection.vhd:177]
INFO: [Synth 8-638] synthesizing module 'vertical_gradient' [d:/ProgramasDoctorado/PrimerIP/overlay/PrimerIP.gen/sources_1/bd/design_1/ipshared/6574/src/vertical_gradient.vhd:23]
INFO: [Synth 8-256] done synthesizing module 'vertical_gradient' (0#1) [d:/ProgramasDoctorado/PrimerIP/overlay/PrimerIP.gen/sources_1/bd/design_1/ipshared/6574/src/vertical_gradient.vhd:23]
INFO: [Synth 8-256] done synthesizing module 'edge_detection' (0#1) [d:/ProgramasDoctorado/PrimerIP/overlay/PrimerIP.gen/sources_1/bd/design_1/ipshared/6574/src/edge_detection.vhd:27]
WARNING: [Synth 8-5640] Port 'bin' is missing in component declaration [d:/ProgramasDoctorado/PrimerIP/overlay/PrimerIP.gen/sources_1/bd/design_1/ipshared/6574/src/Top_module.vhd:175]
	Parameter NUM_BINS bound to: 9 - type: integer 
	Parameter BIN_WIDTH bound to: 19 - type: integer 
	Parameter FIFO_SIZE bound to: 8 - type: integer 
INFO: [Synth 8-3491] module 'hog_cell_histogram_with_fifo' declared at 'd:/ProgramasDoctorado/PrimerIP/overlay/PrimerIP.gen/sources_1/bd/design_1/ipshared/6574/src/HOG_Block_HIstogram.vhd:13' bound to instance 'hog_cell_histogram_inst' of component 'hog_cell_histogram_with_fifo' [d:/ProgramasDoctorado/PrimerIP/overlay/PrimerIP.gen/sources_1/bd/design_1/ipshared/6574/src/Top_module.vhd:279]
INFO: [Synth 8-638] synthesizing module 'hog_cell_histogram_with_fifo' [d:/ProgramasDoctorado/PrimerIP/overlay/PrimerIP.gen/sources_1/bd/design_1/ipshared/6574/src/HOG_Block_HIstogram.vhd:40]
INFO: [Synth 8-3491] module 'angulo' declared at 'd:/ProgramasDoctorado/PrimerIP/overlay/PrimerIP.gen/sources_1/bd/design_1/ipshared/6574/src/angulo.vhd:27' bound to instance 'angulo_inst' of component 'angulo' [d:/ProgramasDoctorado/PrimerIP/overlay/PrimerIP.gen/sources_1/bd/design_1/ipshared/6574/src/HOG_Block_HIstogram.vhd:111]
INFO: [Synth 8-638] synthesizing module 'angulo' [d:/ProgramasDoctorado/PrimerIP/overlay/PrimerIP.gen/sources_1/bd/design_1/ipshared/6574/src/angulo.vhd:37]
INFO: [Synth 8-256] done synthesizing module 'angulo' (0#1) [d:/ProgramasDoctorado/PrimerIP/overlay/PrimerIP.gen/sources_1/bd/design_1/ipshared/6574/src/angulo.vhd:37]
INFO: [Synth 8-256] done synthesizing module 'hog_cell_histogram_with_fifo' (0#1) [d:/ProgramasDoctorado/PrimerIP/overlay/PrimerIP.gen/sources_1/bd/design_1/ipshared/6574/src/HOG_Block_HIstogram.vhd:40]
	Parameter NUM_BINS bound to: 9 - type: integer 
	Parameter BIN_WIDTH bound to: 16 - type: integer 
INFO: [Synth 8-3491] module 'hog_block_histogram' declared at 'd:/ProgramasDoctorado/PrimerIP/overlay/PrimerIP.gen/sources_1/bd/design_1/ipshared/6574/src/block_formation.vhd:11' bound to instance 'hog_block_histogram_inst' of component 'hog_block_histogram' [d:/ProgramasDoctorado/PrimerIP/overlay/PrimerIP.gen/sources_1/bd/design_1/ipshared/6574/src/Top_module.vhd:301]
INFO: [Synth 8-638] synthesizing module 'hog_block_histogram' [d:/ProgramasDoctorado/PrimerIP/overlay/PrimerIP.gen/sources_1/bd/design_1/ipshared/6574/src/block_formation.vhd:29]
	Parameter NUM_FEATURES bound to: 36 - type: integer 
	Parameter NUM_BINS bound to: 9 - type: integer 
	Parameter BIN_WIDTH bound to: 16 - type: integer 
	Parameter BLOCK_SIZE bound to: 4 - type: integer 
INFO: [Synth 8-3491] module 'multiplexor' declared at 'd:/ProgramasDoctorado/PrimerIP/overlay/PrimerIP.gen/sources_1/bd/design_1/ipshared/6574/src/multiplexor.vhd:28' bound to instance 'inst_mux' of component 'multiplexor' [d:/ProgramasDoctorado/PrimerIP/overlay/PrimerIP.gen/sources_1/bd/design_1/ipshared/6574/src/block_formation.vhd:202]
INFO: [Synth 8-638] synthesizing module 'multiplexor' [d:/ProgramasDoctorado/PrimerIP/overlay/PrimerIP.gen/sources_1/bd/design_1/ipshared/6574/src/multiplexor.vhd:46]
INFO: [Synth 8-256] done synthesizing module 'multiplexor' (0#1) [d:/ProgramasDoctorado/PrimerIP/overlay/PrimerIP.gen/sources_1/bd/design_1/ipshared/6574/src/multiplexor.vhd:46]
INFO: [Synth 8-256] done synthesizing module 'hog_block_histogram' (0#1) [d:/ProgramasDoctorado/PrimerIP/overlay/PrimerIP.gen/sources_1/bd/design_1/ipshared/6574/src/block_formation.vhd:29]
INFO: [Synth 8-256] done synthesizing module 'top_hog_axi' (0#1) [d:/ProgramasDoctorado/PrimerIP/overlay/PrimerIP.gen/sources_1/bd/design_1/ipshared/6574/src/Top_module.vhd:45]
INFO: [Synth 8-256] done synthesizing module 'HOGv2_0_v1_0' (0#1) [d:/ProgramasDoctorado/PrimerIP/overlay/PrimerIP.gen/sources_1/bd/design_1/ipshared/6574/hdl/HOGv2_0_v1_0.vhd:48]
INFO: [Synth 8-256] done synthesizing module 'design_1_HOGv22_0_6' (0#1) [d:/ProgramasDoctorado/PrimerIP/overlay/PrimerIP.gen/sources_1/bd/design_1/ip/design_1_HOGv22_0_6/synth/design_1_HOGv22_0_6.vhd:89]
WARNING: [Synth 8-6014] Unused sequential element s_cont_pixel_reg was removed.  [d:/ProgramasDoctorado/PrimerIP/overlay/PrimerIP.gen/sources_1/bd/design_1/ipshared/6574/src/edge_detection.vhd:136]
WARNING: [Synth 8-3848] Net ready in module/entity angulo does not have driver. [d:/ProgramasDoctorado/PrimerIP/overlay/PrimerIP.gen/sources_1/bd/design_1/ipshared/6574/src/angulo.vhd:31]
WARNING: [Synth 8-6014] Unused sequential element calc_complete_reg was removed.  [d:/ProgramasDoctorado/PrimerIP/overlay/PrimerIP.gen/sources_1/bd/design_1/ipshared/6574/src/HOG_Block_HIstogram.vhd:282]
WARNING: [Synth 8-3848] Net ready in module/entity multiplexor does not have driver. [d:/ProgramasDoctorado/PrimerIP/overlay/PrimerIP.gen/sources_1/bd/design_1/ipshared/6574/src/multiplexor.vhd:42]
WARNING: [Synth 8-6014] Unused sequential element s_average_ready_reg was removed.  [d:/ProgramasDoctorado/PrimerIP/overlay/PrimerIP.gen/sources_1/bd/design_1/ipshared/6574/src/block_formation.vhd:191]
WARNING: [Synth 8-6014] Unused sequential element celdas_X_reg was removed.  [d:/ProgramasDoctorado/PrimerIP/overlay/PrimerIP.gen/sources_1/bd/design_1/ipshared/6574/src/Top_module.vhd:383]
WARNING: [Synth 8-6014] Unused sequential element celdas_Y_reg was removed.  [d:/ProgramasDoctorado/PrimerIP/overlay/PrimerIP.gen/sources_1/bd/design_1/ipshared/6574/src/Top_module.vhd:384]
WARNING: [Synth 8-6014] Unused sequential element top_left_reg was removed.  [d:/ProgramasDoctorado/PrimerIP/overlay/PrimerIP.gen/sources_1/bd/design_1/ipshared/6574/src/Top_module.vhd:385]
WARNING: [Synth 8-6014] Unused sequential element top_right_reg was removed.  [d:/ProgramasDoctorado/PrimerIP/overlay/PrimerIP.gen/sources_1/bd/design_1/ipshared/6574/src/Top_module.vhd:386]
WARNING: [Synth 8-6014] Unused sequential element bottom_left_reg was removed.  [d:/ProgramasDoctorado/PrimerIP/overlay/PrimerIP.gen/sources_1/bd/design_1/ipshared/6574/src/Top_module.vhd:387]
WARNING: [Synth 8-6014] Unused sequential element bottom_right_reg was removed.  [d:/ProgramasDoctorado/PrimerIP/overlay/PrimerIP.gen/sources_1/bd/design_1/ipshared/6574/src/Top_module.vhd:388]
WARNING: [Synth 8-3848] Net s_fin_cel_edge in module/entity top_hog_axi does not have driver. [d:/ProgramasDoctorado/PrimerIP/overlay/PrimerIP.gen/sources_1/bd/design_1/ipshared/6574/src/Top_module.vhd:83]
WARNING: [Synth 8-3848] Net m00_axis_tstrb in module/entity HOGv2_0_v1_0 does not have driver. [d:/ProgramasDoctorado/PrimerIP/overlay/PrimerIP.gen/sources_1/bd/design_1/ipshared/6574/hdl/HOGv2_0_v1_0.vhd:41]
WARNING: [Synth 8-7129] Port ready in module multiplexor is either unconnected or has no load
WARNING: [Synth 8-7129] Port clk in module multiplexor is either unconnected or has no load
WARNING: [Synth 8-7129] Port rst in module multiplexor is either unconnected or has no load
WARNING: [Synth 8-7129] Port start in module multiplexor is either unconnected or has no load
WARNING: [Synth 8-7129] Port ready in module angulo is either unconnected or has no load
WARNING: [Synth 8-7129] Port start in module angulo is either unconnected or has no load
WARNING: [Synth 8-7129] Port s_axis_tlast in module top_hog_axi is either unconnected or has no load
WARNING: [Synth 8-7129] Port m_axis_tready in module top_hog_axi is either unconnected or has no load
WARNING: [Synth 8-7129] Port m00_axis_tstrb[3] in module HOGv2_0_v1_0 is either unconnected or has no load
WARNING: [Synth 8-7129] Port m00_axis_tstrb[2] in module HOGv2_0_v1_0 is either unconnected or has no load
WARNING: [Synth 8-7129] Port m00_axis_tstrb[1] in module HOGv2_0_v1_0 is either unconnected or has no load
WARNING: [Synth 8-7129] Port m00_axis_tstrb[0] in module HOGv2_0_v1_0 is either unconnected or has no load
WARNING: [Synth 8-7129] Port s00_axis_tdata[31] in module HOGv2_0_v1_0 is either unconnected or has no load
WARNING: [Synth 8-7129] Port s00_axis_tdata[30] in module HOGv2_0_v1_0 is either unconnected or has no load
WARNING: [Synth 8-7129] Port s00_axis_tdata[29] in module HOGv2_0_v1_0 is either unconnected or has no load
WARNING: [Synth 8-7129] Port s00_axis_tdata[28] in module HOGv2_0_v1_0 is either unconnected or has no load
WARNING: [Synth 8-7129] Port s00_axis_tdata[27] in module HOGv2_0_v1_0 is either unconnected or has no load
WARNING: [Synth 8-7129] Port s00_axis_tdata[26] in module HOGv2_0_v1_0 is either unconnected or has no load
WARNING: [Synth 8-7129] Port s00_axis_tdata[25] in module HOGv2_0_v1_0 is either unconnected or has no load
WARNING: [Synth 8-7129] Port s00_axis_tdata[24] in module HOGv2_0_v1_0 is either unconnected or has no load
WARNING: [Synth 8-7129] Port s00_axis_tdata[23] in module HOGv2_0_v1_0 is either unconnected or has no load
WARNING: [Synth 8-7129] Port s00_axis_tdata[22] in module HOGv2_0_v1_0 is either unconnected or has no load
WARNING: [Synth 8-7129] Port s00_axis_tdata[21] in module HOGv2_0_v1_0 is either unconnected or has no load
WARNING: [Synth 8-7129] Port s00_axis_tdata[20] in module HOGv2_0_v1_0 is either unconnected or has no load
WARNING: [Synth 8-7129] Port s00_axis_tdata[19] in module HOGv2_0_v1_0 is either unconnected or has no load
WARNING: [Synth 8-7129] Port s00_axis_tdata[18] in module HOGv2_0_v1_0 is either unconnected or has no load
WARNING: [Synth 8-7129] Port s00_axis_tdata[17] in module HOGv2_0_v1_0 is either unconnected or has no load
WARNING: [Synth 8-7129] Port s00_axis_tdata[16] in module HOGv2_0_v1_0 is either unconnected or has no load
WARNING: [Synth 8-7129] Port s00_axis_tdata[15] in module HOGv2_0_v1_0 is either unconnected or has no load
WARNING: [Synth 8-7129] Port s00_axis_tdata[14] in module HOGv2_0_v1_0 is either unconnected or has no load
WARNING: [Synth 8-7129] Port s00_axis_tdata[13] in module HOGv2_0_v1_0 is either unconnected or has no load
WARNING: [Synth 8-7129] Port s00_axis_tdata[12] in module HOGv2_0_v1_0 is either unconnected or has no load
WARNING: [Synth 8-7129] Port s00_axis_tdata[11] in module HOGv2_0_v1_0 is either unconnected or has no load
WARNING: [Synth 8-7129] Port s00_axis_tdata[10] in module HOGv2_0_v1_0 is either unconnected or has no load
WARNING: [Synth 8-7129] Port s00_axis_tdata[9] in module HOGv2_0_v1_0 is either unconnected or has no load
WARNING: [Synth 8-7129] Port s00_axis_tdata[8] in module HOGv2_0_v1_0 is either unconnected or has no load
WARNING: [Synth 8-7129] Port s00_axis_tstrb[3] in module HOGv2_0_v1_0 is either unconnected or has no load
WARNING: [Synth 8-7129] Port s00_axis_tstrb[2] in module HOGv2_0_v1_0 is either unconnected or has no load
WARNING: [Synth 8-7129] Port s00_axis_tstrb[1] in module HOGv2_0_v1_0 is either unconnected or has no load
WARNING: [Synth 8-7129] Port s00_axis_tstrb[0] in module HOGv2_0_v1_0 is either unconnected or has no load
---------------------------------------------------------------------------------
Finished RTL Elaboration : Time (s): cpu = 00:00:06 ; elapsed = 00:00:07 . Memory (MB): peak = 1402.938 ; gain = 539.672
---------------------------------------------------------------------------------
---------------------------------------------------------------------------------
Start Handling Custom Attributes
---------------------------------------------------------------------------------
---------------------------------------------------------------------------------
Finished Handling Custom Attributes : Time (s): cpu = 00:00:06 ; elapsed = 00:00:07 . Memory (MB): peak = 1402.938 ; gain = 539.672
---------------------------------------------------------------------------------
---------------------------------------------------------------------------------
Finished RTL Optimization Phase 1 : Time (s): cpu = 00:00:06 ; elapsed = 00:00:07 . Memory (MB): peak = 1402.938 ; gain = 539.672
---------------------------------------------------------------------------------
Netlist sorting complete. Time (s): cpu = 00:00:00 ; elapsed = 00:00:00.110 . Memory (MB): peak = 1402.938 ; gain = 0.000
INFO: [Project 1-570] Preparing netlist for logic optimization

Processing XDC Constraints
Initializing timing engine
Completed Processing XDC Constraints

Netlist sorting complete. Time (s): cpu = 00:00:00 ; elapsed = 00:00:00.002 . Memory (MB): peak = 1518.734 ; gain = 0.000
INFO: [Project 1-111] Unisim Transformation Summary:
No Unisim elements were transformed.

Constraint Validation Runtime : Time (s): cpu = 00:00:00 ; elapsed = 00:00:00.190 . Memory (MB): peak = 1518.746 ; gain = 0.012
INFO: [Designutils 20-5008] Incremental synthesis strategy off
INFO: [Synth 8-11241] undeclared symbol 'REGCCE', assumed default net type 'wire' [C:/Xilinx/Vivado/2022.2/data/verilog/src/unimacro/BRAM_SINGLE_MACRO.v:2170]
---------------------------------------------------------------------------------
Finished Constraint Validation : Time (s): cpu = 00:00:14 ; elapsed = 00:00:14 . Memory (MB): peak = 1518.746 ; gain = 655.480
---------------------------------------------------------------------------------
---------------------------------------------------------------------------------
Start Loading Part and Timing Information
---------------------------------------------------------------------------------
Loading part: xc7z020clg400-1
---------------------------------------------------------------------------------
Finished Loading Part and Timing Information : Time (s): cpu = 00:00:14 ; elapsed = 00:00:14 . Memory (MB): peak = 1518.746 ; gain = 655.480
---------------------------------------------------------------------------------
---------------------------------------------------------------------------------
Start Applying 'set_property' XDC Constraints
---------------------------------------------------------------------------------
---------------------------------------------------------------------------------
Finished applying 'set_property' XDC Constraints : Time (s): cpu = 00:00:14 ; elapsed = 00:00:14 . Memory (MB): peak = 1518.746 ; gain = 655.480
---------------------------------------------------------------------------------
---------------------------------------------------------------------------------
Finished RTL Optimization Phase 2 : Time (s): cpu = 00:00:15 ; elapsed = 00:00:15 . Memory (MB): peak = 1518.746 ; gain = 655.480
---------------------------------------------------------------------------------
---------------------------------------------------------------------------------
Start RTL Component Statistics 
---------------------------------------------------------------------------------
Detailed RTL Component Info : 
+---Adders : 
	   2 Input   32 Bit       Adders := 5     
	   2 Input   31 Bit       Adders := 1     
	   2 Input   26 Bit       Adders := 13    
	   5 Input   25 Bit       Adders := 1     
	   2 Input   22 Bit       Adders := 18    
	   2 Input   21 Bit       Adders := 1     
	   2 Input   11 Bit       Adders := 1     
	   3 Input   10 Bit       Adders := 3     
	   2 Input   10 Bit       Adders := 3     
	   2 Input    7 Bit       Adders := 1     
	   2 Input    6 Bit       Adders := 1     
	   2 Input    5 Bit       Adders := 2     
	   2 Input    4 Bit       Adders := 1     
	   2 Input    3 Bit       Adders := 2     
	   2 Input    2 Bit       Adders := 3     
	   2 Input    1 Bit       Adders := 1     
+---Registers : 
	              568 Bit    Registers := 1     
	               36 Bit    Registers := 1     
	               32 Bit    Registers := 6     
	               26 Bit    Registers := 32    
	               25 Bit    Registers := 1     
	               21 Bit    Registers := 252   
	               16 Bit    Registers := 1     
	               11 Bit    Registers := 3     
	               10 Bit    Registers := 13    
	                7 Bit    Registers := 1     
	                6 Bit    Registers := 1     
	                5 Bit    Registers := 2     
	                4 Bit    Registers := 8     
	                3 Bit    Registers := 3     
	                2 Bit    Registers := 4     
	                1 Bit    Registers := 25    
+---Muxes : 
	   2 Input  568 Bit        Muxes := 1     
	   2 Input   32 Bit        Muxes := 2     
	  12 Input   32 Bit        Muxes := 2     
	   2 Input   10 Bit        Muxes := 5     
	   2 Input    7 Bit        Muxes := 1     
	   3 Input    6 Bit        Muxes := 1     
	   2 Input    6 Bit        Muxes := 1     
	   2 Input    5 Bit        Muxes := 2     
	   7 Input    4 Bit        Muxes := 1     
	   2 Input    4 Bit        Muxes := 1     
	   6 Input    4 Bit        Muxes := 1     
	   5 Input    3 Bit        Muxes := 2     
	   3 Input    3 Bit        Muxes := 1     
	   6 Input    3 Bit        Muxes := 1     
	   2 Input    3 Bit        Muxes := 5     
	  12 Input    3 Bit        Muxes := 2     
	   3 Input    2 Bit        Muxes := 1     
	   2 Input    2 Bit        Muxes := 4     
	   2 Input    1 Bit        Muxes := 182   
	   3 Input    1 Bit        Muxes := 1     
	   6 Input    1 Bit        Muxes := 4     
	  12 Input    1 Bit        Muxes := 11    
---------------------------------------------------------------------------------
Finished RTL Component Statistics 
---------------------------------------------------------------------------------
---------------------------------------------------------------------------------
Start Part Resource Summary
---------------------------------------------------------------------------------
Part Resources:
DSPs: 220 (col length:60)
BRAMs: 280 (col length: RAMB18 60 RAMB36 30)
---------------------------------------------------------------------------------
Finished Part Resource Summary
---------------------------------------------------------------------------------
---------------------------------------------------------------------------------
Start Cross Boundary and Area Optimization
---------------------------------------------------------------------------------
WARNING: [Synth 8-7080] Parallel synthesis criteria is not met
WARNING: [Synth 8-7129] Port ready in module multiplexor is either unconnected or has no load
WARNING: [Synth 8-7129] Port clk in module multiplexor is either unconnected or has no load
WARNING: [Synth 8-7129] Port rst in module multiplexor is either unconnected or has no load
WARNING: [Synth 8-7129] Port start in module multiplexor is either unconnected or has no load
WARNING: [Synth 8-7129] Port ready in module angulo is either unconnected or has no load
WARNING: [Synth 8-7129] Port start in module angulo is either unconnected or has no load
WARNING: [Synth 8-7129] Port s_axis_tlast in module top_hog_axi is either unconnected or has no load
WARNING: [Synth 8-7129] Port m_axis_tready in module top_hog_axi is either unconnected or has no load
WARNING: [Synth 8-7129] Port m00_axis_tstrb[3] in module design_1_HOGv22_0_6 is either unconnected or has no load
WARNING: [Synth 8-7129] Port m00_axis_tstrb[2] in module design_1_HOGv22_0_6 is either unconnected or has no load
WARNING: [Synth 8-7129] Port m00_axis_tstrb[1] in module design_1_HOGv22_0_6 is either unconnected or has no load
WARNING: [Synth 8-7129] Port m00_axis_tstrb[0] in module design_1_HOGv22_0_6 is either unconnected or has no load
WARNING: [Synth 8-7129] Port s00_axis_tdata[31] in module design_1_HOGv22_0_6 is either unconnected or has no load
WARNING: [Synth 8-7129] Port s00_axis_tdata[30] in module design_1_HOGv22_0_6 is either unconnected or has no load
WARNING: [Synth 8-7129] Port s00_axis_tdata[29] in module design_1_HOGv22_0_6 is either unconnected or has no load
WARNING: [Synth 8-7129] Port s00_axis_tdata[28] in module design_1_HOGv22_0_6 is either unconnected or has no load
WARNING: [Synth 8-7129] Port s00_axis_tdata[27] in module design_1_HOGv22_0_6 is either unconnected or has no load
WARNING: [Synth 8-7129] Port s00_axis_tdata[26] in module design_1_HOGv22_0_6 is either unconnected or has no load
WARNING: [Synth 8-7129] Port s00_axis_tdata[25] in module design_1_HOGv22_0_6 is either unconnected or has no load
WARNING: [Synth 8-7129] Port s00_axis_tdata[24] in module design_1_HOGv22_0_6 is either unconnected or has no load
WARNING: [Synth 8-7129] Port s00_axis_tdata[23] in module design_1_HOGv22_0_6 is either unconnected or has no load
WARNING: [Synth 8-7129] Port s00_axis_tdata[22] in module design_1_HOGv22_0_6 is either unconnected or has no load
WARNING: [Synth 8-7129] Port s00_axis_tdata[21] in module design_1_HOGv22_0_6 is either unconnected or has no load
WARNING: [Synth 8-7129] Port s00_axis_tdata[20] in module design_1_HOGv22_0_6 is either unconnected or has no load
WARNING: [Synth 8-7129] Port s00_axis_tdata[19] in module design_1_HOGv22_0_6 is either unconnected or has no load
WARNING: [Synth 8-7129] Port s00_axis_tdata[18] in module design_1_HOGv22_0_6 is either unconnected or has no load
WARNING: [Synth 8-7129] Port s00_axis_tdata[17] in module design_1_HOGv22_0_6 is either unconnected or has no load
WARNING: [Synth 8-7129] Port s00_axis_tdata[16] in module design_1_HOGv22_0_6 is either unconnected or has no load
WARNING: [Synth 8-7129] Port s00_axis_tdata[15] in module design_1_HOGv22_0_6 is either unconnected or has no load
WARNING: [Synth 8-7129] Port s00_axis_tdata[14] in module design_1_HOGv22_0_6 is either unconnected or has no load
WARNING: [Synth 8-7129] Port s00_axis_tdata[13] in module design_1_HOGv22_0_6 is either unconnected or has no load
WARNING: [Synth 8-7129] Port s00_axis_tdata[12] in module design_1_HOGv22_0_6 is either unconnected or has no load
WARNING: [Synth 8-7129] Port s00_axis_tdata[11] in module design_1_HOGv22_0_6 is either unconnected or has no load
WARNING: [Synth 8-7129] Port s00_axis_tdata[10] in module design_1_HOGv22_0_6 is either unconnected or has no load
WARNING: [Synth 8-7129] Port s00_axis_tdata[9] in module design_1_HOGv22_0_6 is either unconnected or has no load
WARNING: [Synth 8-7129] Port s00_axis_tdata[8] in module design_1_HOGv22_0_6 is either unconnected or has no load
WARNING: [Synth 8-7129] Port s00_axis_tstrb[3] in module design_1_HOGv22_0_6 is either unconnected or has no load
WARNING: [Synth 8-7129] Port s00_axis_tstrb[2] in module design_1_HOGv22_0_6 is either unconnected or has no load
WARNING: [Synth 8-7129] Port s00_axis_tstrb[1] in module design_1_HOGv22_0_6 is either unconnected or has no load
WARNING: [Synth 8-7129] Port s00_axis_tstrb[0] in module design_1_HOGv22_0_6 is either unconnected or has no load
---------------------------------------------------------------------------------
Finished Cross Boundary and Area Optimization : Time (s): cpu = 00:00:54 ; elapsed = 00:00:55 . Memory (MB): peak = 1518.746 ; gain = 655.480
---------------------------------------------------------------------------------
---------------------------------------------------------------------------------
Start Applying XDC Timing Constraints
---------------------------------------------------------------------------------
---------------------------------------------------------------------------------
Finished Applying XDC Timing Constraints : Time (s): cpu = 00:00:58 ; elapsed = 00:00:59 . Memory (MB): peak = 1518.746 ; gain = 655.480
---------------------------------------------------------------------------------
---------------------------------------------------------------------------------
Start Timing Optimization
---------------------------------------------------------------------------------
---------------------------------------------------------------------------------
Finished Timing Optimization : Time (s): cpu = 00:00:59 ; elapsed = 00:01:00 . Memory (MB): peak = 1518.746 ; gain = 655.480
---------------------------------------------------------------------------------
---------------------------------------------------------------------------------
Start Technology Mapping
---------------------------------------------------------------------------------
---------------------------------------------------------------------------------
Finished Technology Mapping : Time (s): cpu = 00:01:02 ; elapsed = 00:01:03 . Memory (MB): peak = 1518.746 ; gain = 655.480
---------------------------------------------------------------------------------
---------------------------------------------------------------------------------
Start IO Insertion
---------------------------------------------------------------------------------
---------------------------------------------------------------------------------
Start Flattening Before IO Insertion
---------------------------------------------------------------------------------
---------------------------------------------------------------------------------
Finished Flattening Before IO Insertion
---------------------------------------------------------------------------------
---------------------------------------------------------------------------------
Start Final Netlist Cleanup
---------------------------------------------------------------------------------
---------------------------------------------------------------------------------
Finished Final Netlist Cleanup
---------------------------------------------------------------------------------
---------------------------------------------------------------------------------
Finished IO Insertion : Time (s): cpu = 00:01:06 ; elapsed = 00:01:07 . Memory (MB): peak = 1518.746 ; gain = 655.480
---------------------------------------------------------------------------------
---------------------------------------------------------------------------------
Start Renaming Generated Instances
---------------------------------------------------------------------------------
---------------------------------------------------------------------------------
Finished Renaming Generated Instances : Time (s): cpu = 00:01:06 ; elapsed = 00:01:07 . Memory (MB): peak = 1518.746 ; gain = 655.480
---------------------------------------------------------------------------------
---------------------------------------------------------------------------------
Start Rebuilding User Hierarchy
---------------------------------------------------------------------------------
---------------------------------------------------------------------------------
Finished Rebuilding User Hierarchy : Time (s): cpu = 00:01:06 ; elapsed = 00:01:07 . Memory (MB): peak = 1518.746 ; gain = 655.480
---------------------------------------------------------------------------------
---------------------------------------------------------------------------------
Start Renaming Generated Ports
---------------------------------------------------------------------------------
---------------------------------------------------------------------------------
Finished Renaming Generated Ports : Time (s): cpu = 00:01:06 ; elapsed = 00:01:07 . Memory (MB): peak = 1518.746 ; gain = 655.480
---------------------------------------------------------------------------------
---------------------------------------------------------------------------------
Start Handling Custom Attributes
---------------------------------------------------------------------------------
---------------------------------------------------------------------------------
Finished Handling Custom Attributes : Time (s): cpu = 00:01:06 ; elapsed = 00:01:08 . Memory (MB): peak = 1518.746 ; gain = 655.480
---------------------------------------------------------------------------------
---------------------------------------------------------------------------------
Start Renaming Generated Nets
---------------------------------------------------------------------------------
---------------------------------------------------------------------------------
Finished Renaming Generated Nets : Time (s): cpu = 00:01:06 ; elapsed = 00:01:08 . Memory (MB): peak = 1518.746 ; gain = 655.480
---------------------------------------------------------------------------------
---------------------------------------------------------------------------------
Start ROM, RAM, DSP, Shift Register and Retiming Reporting
---------------------------------------------------------------------------------

Static Shift Register Report:
+--------------------+---------------------------------------+--------+-------+--------------+--------------------+-------------------+--------+---------+
|Module Name         | RTL Name                              | Length | Width | Reset Signal | Pull out first Reg | Pull out last Reg | SRL16E | SRLC32E | 
+--------------------+---------------------------------------+--------+-------+--------------+--------------------+-------------------+--------+---------+
|design_1_HOGv22_0_6 | U0/dut/U_sobel/A1/s_FIFO_reg_reg[295] | 33     | 16    | YES          | NO                 | YES               | 0      | 16      | 
+--------------------+---------------------------------------+--------+-------+--------------+--------------------+-------------------+--------+---------+

---------------------------------------------------------------------------------
Finished ROM, RAM, DSP, Shift Register and Retiming Reporting
---------------------------------------------------------------------------------
---------------------------------------------------------------------------------
Start Writing Synthesis Report
---------------------------------------------------------------------------------

Report BlackBoxes: 
+-+--------------+----------+
| |BlackBox name |Instances |
+-+--------------+----------+
+-+--------------+----------+

Report Cell Usage: 
+------+--------+------+
|      |Cell    |Count |
+------+--------+------+
|1     |CARRY4  |   366|
|2     |LUT1    |    62|
|3     |LUT2    |   928|
|4     |LUT3    |   128|
|5     |LUT4    |   783|
|6     |LUT5    |    81|
|7     |LUT6    |  4032|
|8     |MUXF7   |  1893|
|9     |MUXF8   |   945|
|10    |SRLC32E |    16|
|11    |FDCE    |   251|
|12    |FDRE    |  6281|
|13    |FDSE    |     1|
+------+--------+------+
---------------------------------------------------------------------------------
Finished Writing Synthesis Report : Time (s): cpu = 00:01:06 ; elapsed = 00:01:08 . Memory (MB): peak = 1518.746 ; gain = 655.480
---------------------------------------------------------------------------------
Synthesis finished with 0 errors, 0 critical warnings and 41 warnings.
Synthesis Optimization Runtime : Time (s): cpu = 00:00:58 ; elapsed = 00:01:05 . Memory (MB): peak = 1518.746 ; gain = 539.672
Synthesis Optimization Complete : Time (s): cpu = 00:01:07 ; elapsed = 00:01:08 . Memory (MB): peak = 1518.746 ; gain = 655.480
INFO: [Project 1-571] Translating synthesized netlist
Netlist sorting complete. Time (s): cpu = 00:00:00 ; elapsed = 00:00:00.112 . Memory (MB): peak = 1518.746 ; gain = 0.000
INFO: [Netlist 29-17] Analyzing 3204 Unisim elements for replacement
INFO: [Netlist 29-28] Unisim Transformation completed in 0 CPU seconds
INFO: [Project 1-570] Preparing netlist for logic optimization
INFO: [Opt 31-138] Pushed 0 inverter(s) to 0 load pin(s).
Netlist sorting complete. Time (s): cpu = 00:00:00 ; elapsed = 00:00:00.002 . Memory (MB): peak = 1518.746 ; gain = 0.000
INFO: [Project 1-111] Unisim Transformation Summary:
No Unisim elements were transformed.

Synth Design complete, checksum: 54ce48f9
INFO: [Common 17-83] Releasing license: Synthesis
53 Infos, 95 Warnings, 0 Critical Warnings and 0 Errors encountered.
synth_design completed successfully
synth_design: Time (s): cpu = 00:01:12 ; elapsed = 00:01:14 . Memory (MB): peak = 1518.746 ; gain = 1058.254
INFO: [Common 17-1381] The checkpoint 'D:/ProgramasDoctorado/PrimerIP/overlay/PrimerIP.runs/design_1_HOGv22_0_6_synth_1/design_1_HOGv22_0_6.dcp' has been generated.
INFO: [Coretcl 2-1648] Added synthesis output to IP cache for IP design_1_HOGv22_0_6, cache-ID = e2a3947468fb12a7
INFO: [Coretcl 2-1174] Renamed 10 cell refs.
INFO: [Common 17-1381] The checkpoint 'D:/ProgramasDoctorado/PrimerIP/overlay/PrimerIP.runs/design_1_HOGv22_0_6_synth_1/design_1_HOGv22_0_6.dcp' has been generated.
INFO: [runtcl-4] Executing : report_utilization -file design_1_HOGv22_0_6_utilization_synth.rpt -pb design_1_HOGv22_0_6_utilization_synth.pb
INFO: [Common 17-206] Exiting Vivado at Tue May 13 22:36:50 2025...
