
*** Running vivado
    with args -log design_1_wrapper.vdi -applog -m64 -product Vivado -messageDb vivado.pb -mode batch -source design_1_wrapper.tcl -notrace



****** Vivado v2022.2 (64-bit)
  **** SW Build 3671981 on Fri Oct 14 05:00:03 MDT 2022
  **** IP Build 3669848 on Fri Oct 14 08:30:02 MDT 2022
    ** Copyright 1986-2022 Xilinx, Inc. All Rights Reserved.

source design_1_wrapper.tcl -notrace
INFO: [IP_Flow 19-234] Refreshing IP repositories
INFO: [IP_Flow 19-1700] Loaded user IP repository 'd:/ProgramasDoctorado/PrimerIP/overlay/ip_repo'.
INFO: [IP_Flow 19-2313] Loaded Vivado IP repository 'C:/Xilinx/Vivado/2022.2/data/ip'.
Command: link_design -top design_1_wrapper -part xc7z020clg400-1
Design is defaulting to srcset: sources_1
Design is defaulting to constrset: constrs_1
INFO: [Device 21-403] Loading part xc7z020clg400-1
INFO: [Project 1-454] Reading design checkpoint 'd:/ProgramasDoctorado/PrimerIP/overlay/PrimerIP.gen/sources_1/bd/design_1/ip/design_1_HOGv22_0_6/design_1_HOGv22_0_6.dcp' for cell 'design_1_i/HOGv22_0'
INFO: [Project 1-454] Reading design checkpoint 'd:/ProgramasDoctorado/PrimerIP/overlay/PrimerIP.gen/sources_1/bd/design_1/ip/design_1_axi_dma_0_1/design_1_axi_dma_0_1.dcp' for cell 'design_1_i/axi_dma_0'
INFO: [Project 1-454] Reading design checkpoint 'd:/ProgramasDoctorado/PrimerIP/overlay/PrimerIP.gen/sources_1/bd/design_1/ip/design_1_ila_0_1/design_1_ila_0_1.dcp' for cell 'design_1_i/ila_0'
INFO: [Project 1-454] Reading design checkpoint 'd:/ProgramasDoctorado/PrimerIP/overlay/PrimerIP.gen/sources_1/bd/design_1/ip/design_1_processing_system7_0_0/design_1_processing_system7_0_0.dcp' for cell 'design_1_i/processing_system7_0'
INFO: [Project 1-454] Reading design checkpoint 'd:/ProgramasDoctorado/PrimerIP/overlay/PrimerIP.gen/sources_1/bd/design_1/ip/design_1_rst_ps7_0_100M_0/design_1_rst_ps7_0_100M_0.dcp' for cell 'design_1_i/rst_ps7_0_100M'
INFO: [Project 1-454] Reading design checkpoint 'd:/ProgramasDoctorado/PrimerIP/overlay/PrimerIP.gen/sources_1/bd/design_1/ip/design_1_xbar_0/design_1_xbar_0.dcp' for cell 'design_1_i/axi_mem_intercon/xbar'
INFO: [Project 1-454] Reading design checkpoint 'd:/ProgramasDoctorado/PrimerIP/overlay/PrimerIP.gen/sources_1/bd/design_1/ip/design_1_auto_pc_1/design_1_auto_pc_1.dcp' for cell 'design_1_i/axi_mem_intercon/m00_couplers/auto_pc'
INFO: [Project 1-454] Reading design checkpoint 'd:/ProgramasDoctorado/PrimerIP/overlay/PrimerIP.gen/sources_1/bd/design_1/ip/design_1_auto_us_0/design_1_auto_us_0.dcp' for cell 'design_1_i/axi_mem_intercon/s00_couplers/auto_us'
INFO: [Project 1-454] Reading design checkpoint 'd:/ProgramasDoctorado/PrimerIP/overlay/PrimerIP.gen/sources_1/bd/design_1/ip/design_1_auto_us_1/design_1_auto_us_1.dcp' for cell 'design_1_i/axi_mem_intercon/s01_couplers/auto_us'
INFO: [Project 1-454] Reading design checkpoint 'd:/ProgramasDoctorado/PrimerIP/overlay/PrimerIP.gen/sources_1/bd/design_1/ip/design_1_auto_pc_0/design_1_auto_pc_0.dcp' for cell 'design_1_i/ps7_0_axi_periph/s00_couplers/auto_pc'
Netlist sorting complete. Time (s): cpu = 00:00:01 ; elapsed = 00:00:00.371 . Memory (MB): peak = 988.121 ; gain = 0.000
INFO: [Netlist 29-17] Analyzing 1164 Unisim elements for replacement
INFO: [Netlist 29-28] Unisim Transformation completed in 0 CPU seconds
INFO: [Project 1-479] Netlist was created with Vivado 2022.2
INFO: [Project 1-570] Preparing netlist for logic optimization
INFO: [Chipscope 16-324] Core: design_1_i/ila_0 UUID: be177176-557e-59fe-ace2-fe04795a2b22 
Parsing XDC File [d:/ProgramasDoctorado/PrimerIP/overlay/PrimerIP.gen/sources_1/bd/design_1/ip/design_1_processing_system7_0_0/design_1_processing_system7_0_0.xdc] for cell 'design_1_i/processing_system7_0/inst'
Finished Parsing XDC File [d:/ProgramasDoctorado/PrimerIP/overlay/PrimerIP.gen/sources_1/bd/design_1/ip/design_1_processing_system7_0_0/design_1_processing_system7_0_0.xdc] for cell 'design_1_i/processing_system7_0/inst'
Parsing XDC File [d:/ProgramasDoctorado/PrimerIP/overlay/PrimerIP.gen/sources_1/bd/design_1/ip/design_1_rst_ps7_0_100M_0/design_1_rst_ps7_0_100M_0_board.xdc] for cell 'design_1_i/rst_ps7_0_100M/U0'
Finished Parsing XDC File [d:/ProgramasDoctorado/PrimerIP/overlay/PrimerIP.gen/sources_1/bd/design_1/ip/design_1_rst_ps7_0_100M_0/design_1_rst_ps7_0_100M_0_board.xdc] for cell 'design_1_i/rst_ps7_0_100M/U0'
Parsing XDC File [d:/ProgramasDoctorado/PrimerIP/overlay/PrimerIP.gen/sources_1/bd/design_1/ip/design_1_rst_ps7_0_100M_0/design_1_rst_ps7_0_100M_0.xdc] for cell 'design_1_i/rst_ps7_0_100M/U0'
Finished Parsing XDC File [d:/ProgramasDoctorado/PrimerIP/overlay/PrimerIP.gen/sources_1/bd/design_1/ip/design_1_rst_ps7_0_100M_0/design_1_rst_ps7_0_100M_0.xdc] for cell 'design_1_i/rst_ps7_0_100M/U0'
Parsing XDC File [d:/ProgramasDoctorado/PrimerIP/overlay/PrimerIP.gen/sources_1/bd/design_1/ip/design_1_axi_dma_0_1/design_1_axi_dma_0_1.xdc] for cell 'design_1_i/axi_dma_0/U0'
WARNING: [Vivado_Tcl 4-921] Waiver ID 'CDC-1' -to list should not be empty. [d:/ProgramasDoctorado/PrimerIP/overlay/PrimerIP.gen/sources_1/bd/design_1/ip/design_1_axi_dma_0_1/design_1_axi_dma_0_1.xdc:52]
WARNING: [Vivado_Tcl 4-921] Waiver ID 'CDC-1' -to list should not be empty. [d:/ProgramasDoctorado/PrimerIP/overlay/PrimerIP.gen/sources_1/bd/design_1/ip/design_1_axi_dma_0_1/design_1_axi_dma_0_1.xdc:56]
WARNING: [Vivado_Tcl 4-919] Waiver ID 'CDC-1' -from list should not be empty. [d:/ProgramasDoctorado/PrimerIP/overlay/PrimerIP.gen/sources_1/bd/design_1/ip/design_1_axi_dma_0_1/design_1_axi_dma_0_1.xdc:61]
Finished Parsing XDC File [d:/ProgramasDoctorado/PrimerIP/overlay/PrimerIP.gen/sources_1/bd/design_1/ip/design_1_axi_dma_0_1/design_1_axi_dma_0_1.xdc] for cell 'design_1_i/axi_dma_0/U0'
Parsing XDC File [d:/ProgramasDoctorado/PrimerIP/overlay/PrimerIP.gen/sources_1/bd/design_1/ip/design_1_ila_0_1/ila_v6_2/constraints/ila_impl.xdc] for cell 'design_1_i/ila_0/U0'
Finished Parsing XDC File [d:/ProgramasDoctorado/PrimerIP/overlay/PrimerIP.gen/sources_1/bd/design_1/ip/design_1_ila_0_1/ila_v6_2/constraints/ila_impl.xdc] for cell 'design_1_i/ila_0/U0'
Parsing XDC File [d:/ProgramasDoctorado/PrimerIP/overlay/PrimerIP.gen/sources_1/bd/design_1/ip/design_1_ila_0_1/ila_v6_2/constraints/ila.xdc] for cell 'design_1_i/ila_0/U0'
Finished Parsing XDC File [d:/ProgramasDoctorado/PrimerIP/overlay/PrimerIP.gen/sources_1/bd/design_1/ip/design_1_ila_0_1/ila_v6_2/constraints/ila.xdc] for cell 'design_1_i/ila_0/U0'
Parsing XDC File [D:/ProgramasDoctorado/PrimerIP/overlay/PrimerIP.srcs/constrs_1/new/constraintProyecto.xdc]
Finished Parsing XDC File [D:/ProgramasDoctorado/PrimerIP/overlay/PrimerIP.srcs/constrs_1/new/constraintProyecto.xdc]
Parsing XDC File [d:/ProgramasDoctorado/PrimerIP/overlay/PrimerIP.gen/sources_1/bd/design_1/ip/design_1_auto_us_0/design_1_auto_us_0_clocks.xdc] for cell 'design_1_i/axi_mem_intercon/s00_couplers/auto_us/inst'
Finished Parsing XDC File [d:/ProgramasDoctorado/PrimerIP/overlay/PrimerIP.gen/sources_1/bd/design_1/ip/design_1_auto_us_0/design_1_auto_us_0_clocks.xdc] for cell 'design_1_i/axi_mem_intercon/s00_couplers/auto_us/inst'
Parsing XDC File [d:/ProgramasDoctorado/PrimerIP/overlay/PrimerIP.gen/sources_1/bd/design_1/ip/design_1_auto_us_1/design_1_auto_us_1_clocks.xdc] for cell 'design_1_i/axi_mem_intercon/s01_couplers/auto_us/inst'
Finished Parsing XDC File [d:/ProgramasDoctorado/PrimerIP/overlay/PrimerIP.gen/sources_1/bd/design_1/ip/design_1_auto_us_1/design_1_auto_us_1_clocks.xdc] for cell 'design_1_i/axi_mem_intercon/s01_couplers/auto_us/inst'
Parsing XDC File [d:/ProgramasDoctorado/PrimerIP/overlay/PrimerIP.gen/sources_1/bd/design_1/ip/design_1_axi_dma_0_1/design_1_axi_dma_0_1_clocks.xdc] for cell 'design_1_i/axi_dma_0/U0'
Finished Parsing XDC File [d:/ProgramasDoctorado/PrimerIP/overlay/PrimerIP.gen/sources_1/bd/design_1/ip/design_1_axi_dma_0_1/design_1_axi_dma_0_1_clocks.xdc] for cell 'design_1_i/axi_dma_0/U0'
INFO: [Project 1-1714] 6 XPM XDC files have been applied to the design.
INFO: [Opt 31-138] Pushed 0 inverter(s) to 0 load pin(s).
Netlist sorting complete. Time (s): cpu = 00:00:00 ; elapsed = 00:00:00.007 . Memory (MB): peak = 1152.082 ; gain = 0.000
INFO: [Project 1-111] Unisim Transformation Summary:
  A total of 81 instances were transformed.
  CFGLUT5 => CFGLUT5 (SRL16E, SRLC32E): 76 instances
  RAM32M => RAM32M (RAMD32(x6), RAMS32(x2)): 4 instances
  RAM32X1D => RAM32X1D (RAMD32(x2)): 1 instance 

22 Infos, 3 Warnings, 0 Critical Warnings and 0 Errors encountered.
link_design completed successfully
link_design: Time (s): cpu = 00:00:17 ; elapsed = 00:00:20 . Memory (MB): peak = 1152.082 ; gain = 641.574
Command: opt_design
Attempting to get a license for feature 'Implementation' and/or device 'xc7z020'
INFO: [Common 17-349] Got license for feature 'Implementation' and/or device 'xc7z020'
Running DRC as a precondition to command opt_design

Starting DRC Task
INFO: [DRC 23-27] Running DRC with 2 threads
INFO: [Project 1-461] DRC finished with 0 Errors
INFO: [Project 1-462] Please refer to the DRC report (report_drc) for more information.

Time (s): cpu = 00:00:02 ; elapsed = 00:00:01 . Memory (MB): peak = 1180.195 ; gain = 28.113

Starting Cache Timing Information Task
INFO: [Timing 38-35] Done setting XDC timing constraints.
Ending Cache Timing Information Task | Checksum: 1441a9b01

Time (s): cpu = 00:00:09 ; elapsed = 00:00:10 . Memory (MB): peak = 1734.484 ; gain = 554.289

Starting Logic Optimization Task

Phase 1 Generate And Synthesize Debug Cores
INFO: [Chipscope 16-329] Generating Script for core instance : dbg_hub 
INFO: [IP_Flow 19-3806] Processing IP xilinx.com:ip:xsdbm:3.0 for cell dbg_hub_CV.
INFO: [Chipscope 16-469] Using cached IP synthesis design for IP xilinx.com:ip:xsdbm:3.0, cache-ID = c363300abeb4feb8.
Netlist sorting complete. Time (s): cpu = 00:00:00 ; elapsed = 00:00:00.025 . Memory (MB): peak = 2095.648 ; gain = 0.000
Phase 1 Generate And Synthesize Debug Cores | Checksum: 1bd64596b

Time (s): cpu = 00:00:03 ; elapsed = 00:00:17 . Memory (MB): peak = 2095.648 ; gain = 18.902

Phase 2 Retarget
INFO: [Opt 31-1287] Pulled Inverter design_1_i/axi_dma_0/U0/I_PRMRY_DATAMOVER/GEN_MM2S_FULL.I_MM2S_FULL_WRAPPER/I_RD_DATA_CNTL/GEN_DATA_CNTL_FIFO.I_DATA_CNTL_FIFO/USE_SRL_FIFO.I_SYNC_FIFO/I_SRL_FIFO_RBU_F/CNTR_INCR_DECR_ADDN_F_I/sig_next_cmd_cmplt_reg_i_2 into driver instance design_1_i/axi_dma_0/U0/I_PRMRY_DATAMOVER/GEN_MM2S_FULL.I_MM2S_FULL_WRAPPER/I_RD_DATA_CNTL/GEN_DATA_CNTL_FIFO.I_DATA_CNTL_FIFO/USE_SRL_FIFO.I_SYNC_FIFO/I_SRL_FIFO_RBU_F/CNTR_INCR_DECR_ADDN_F_I/INFERRED_GEN.cnt_i[2]_i_2__0, which resulted in an inversion of 18 pins
INFO: [Opt 31-1287] Pulled Inverter design_1_i/axi_dma_0/U0/I_PRMRY_DATAMOVER/GEN_S2MM_FULL.I_S2MM_FULL_WRAPPER/GEN_ENABLE_INDET_BTT_SF.I_INDET_BTT/I_XD_FIFO/NON_BLK_MEM.I_SYNC_FIFOGEN_FIFO/xpm_fifo_instance.xpm_fifo_sync_inst_i_1__0 into driver instance design_1_i/axi_dma_0/U0/I_PRMRY_DATAMOVER/GEN_S2MM_FULL.I_S2MM_FULL_WRAPPER/GEN_ENABLE_INDET_BTT_SF.I_INDET_BTT/I_XD_FIFO/NON_BLK_MEM.I_SYNC_FIFOGEN_FIFO/xpm_fifo_instance.xpm_fifo_sync_inst_i_9__0, which resulted in an inversion of 17 pins
INFO: [Opt 31-1287] Pulled Inverter design_1_i/axi_dma_0/U0/I_PRMRY_DATAMOVER/GEN_S2MM_FULL.I_S2MM_FULL_WRAPPER/GEN_INCLUDE_IBTTCC.I_S2MM_MSTR_IBTTCC/sig_realign_cmd_cmplt_reg_i_1 into driver instance design_1_i/axi_dma_0/U0/I_PRMRY_DATAMOVER/GEN_S2MM_FULL.I_S2MM_FULL_WRAPPER/GEN_INCLUDE_IBTTCC.I_S2MM_MSTR_IBTTCC/sig_realigner_btt2[13]_i_2, which resulted in an inversion of 16 pins
INFO: [Opt 31-1287] Pulled Inverter design_1_i/axi_mem_intercon/m00_couplers/auto_pc/inst/gen_axi4_axi3.axi3_conv_inst/USE_READ.USE_SPLIT_R.read_addr_inst/USE_R_CHANNEL.cmd_queue/inst/fifo_gen_inst_i_2__0 into driver instance design_1_i/axi_mem_intercon/m00_couplers/auto_pc/inst/gen_axi4_axi3.axi3_conv_inst/USE_READ.USE_SPLIT_R.read_addr_inst/USE_R_CHANNEL.cmd_queue/inst/fifo_gen_inst_i_4__0, which resulted in an inversion of 6 pins
INFO: [Opt 31-1287] Pulled Inverter design_1_i/axi_mem_intercon/m00_couplers/auto_pc/inst/gen_axi4_axi3.axi3_conv_inst/USE_READ.USE_SPLIT_R.read_addr_inst/USE_R_CHANNEL.cmd_queue/inst/split_ongoing_i_1__0 into driver instance design_1_i/axi_mem_intercon/m00_couplers/auto_pc/inst/gen_axi4_axi3.axi3_conv_inst/USE_READ.USE_SPLIT_R.read_addr_inst/USE_R_CHANNEL.cmd_queue/inst/S_AXI_AREADY_I_i_3__0, which resulted in an inversion of 3 pins
INFO: [Opt 31-1287] Pulled Inverter design_1_i/axi_mem_intercon/m00_couplers/auto_pc/inst/gen_axi4_axi3.axi3_conv_inst/USE_WRITE.write_addr_inst/USE_BURSTS.cmd_queue/inst/split_ongoing_i_1 into driver instance design_1_i/axi_mem_intercon/m00_couplers/auto_pc/inst/gen_axi4_axi3.axi3_conv_inst/USE_WRITE.write_addr_inst/USE_BURSTS.cmd_queue/inst/S_AXI_AREADY_I_i_4, which resulted in an inversion of 3 pins
INFO: [Opt 31-1287] Pulled Inverter design_1_i/axi_mem_intercon/m00_couplers/auto_pc/inst/gen_axi4_axi3.axi3_conv_inst/USE_WRITE.write_addr_inst/USE_B_CHANNEL.cmd_b_queue/inst/fifo_gen_inst_i_1 into driver instance design_1_i/axi_mem_intercon/m00_couplers/auto_pc/inst/gen_axi4_axi3.axi3_conv_inst/USE_WRITE.write_addr_inst/USE_B_CHANNEL.cmd_b_queue/inst/fifo_gen_inst_i_3__0, which resulted in an inversion of 8 pins
INFO: [Opt 31-1287] Pulled Inverter design_1_i/axi_mem_intercon/s00_couplers/auto_us/inst/gen_upsizer.gen_full_upsizer.axi_upsizer_inst/si_register_slice_inst/ar.ar_pipe/USE_RTL_FIFO.data_srl_reg[31][11]_srl32_i_1 into driver instance design_1_i/axi_mem_intercon/s00_couplers/auto_us/inst/gen_upsizer.gen_full_upsizer.axi_upsizer_inst/si_register_slice_inst/ar.ar_pipe/m_axi_araddr[0]_INST_0_i_1, which resulted in an inversion of 5 pins
INFO: [Opt 31-1287] Pulled Inverter design_1_i/axi_mem_intercon/s00_couplers/auto_us/inst/gen_upsizer.gen_full_upsizer.axi_upsizer_inst/si_register_slice_inst/ar.ar_pipe/USE_RTL_FIFO.data_srl_reg[31][13]_srl32_i_1 into driver instance design_1_i/axi_mem_intercon/s00_couplers/auto_us/inst/gen_upsizer.gen_full_upsizer.axi_upsizer_inst/si_register_slice_inst/ar.ar_pipe/m_axi_araddr[2]_INST_0_i_2, which resulted in an inversion of 8 pins
INFO: [Opt 31-138] Pushed 3 inverter(s) to 7 load pin(s).
INFO: [Opt 31-49] Retargeted 0 cell(s).
Phase 2 Retarget | Checksum: 13f5548a0

Time (s): cpu = 00:00:04 ; elapsed = 00:00:18 . Memory (MB): peak = 2095.648 ; gain = 18.902
INFO: [Opt 31-389] Phase Retarget created 15 cells and removed 106 cells
INFO: [Opt 31-1021] In phase Retarget, 92 netlist objects are constrained preventing optimization. Please run opt_design with -debug_log to get more detail. 

Phase 3 Constant propagation
INFO: [Opt 31-138] Pushed 3 inverter(s) to 10 load pin(s).
Phase 3 Constant propagation | Checksum: 11a047a72

Time (s): cpu = 00:00:04 ; elapsed = 00:00:18 . Memory (MB): peak = 2095.648 ; gain = 18.902
INFO: [Opt 31-389] Phase Constant propagation created 247 cells and removed 694 cells
INFO: [Opt 31-1021] In phase Constant propagation, 76 netlist objects are constrained preventing optimization. Please run opt_design with -debug_log to get more detail. 

Phase 4 Sweep
Phase 4 Sweep | Checksum: 887e8bb0

Time (s): cpu = 00:00:05 ; elapsed = 00:00:19 . Memory (MB): peak = 2095.648 ; gain = 18.902
INFO: [Opt 31-389] Phase Sweep created 0 cells and removed 378 cells
INFO: [Opt 31-1021] In phase Sweep, 1027 netlist objects are constrained preventing optimization. Please run opt_design with -debug_log to get more detail. 

Phase 5 BUFG optimization
Phase 5 BUFG optimization | Checksum: 887e8bb0

Time (s): cpu = 00:00:05 ; elapsed = 00:00:19 . Memory (MB): peak = 2095.648 ; gain = 18.902
INFO: [Opt 31-662] Phase BUFG optimization created 0 cells of which 0 are BUFGs and removed 0 cells.

Phase 6 Shift Register Optimization
INFO: [Opt 31-1064] SRL Remap converted 0 SRLs to 0 registers and converted 0 registers of register chains to 0 SRLs
Phase 6 Shift Register Optimization | Checksum: 887e8bb0

Time (s): cpu = 00:00:05 ; elapsed = 00:00:19 . Memory (MB): peak = 2095.648 ; gain = 18.902
INFO: [Opt 31-389] Phase Shift Register Optimization created 0 cells and removed 0 cells

Phase 7 Post Processing Netlist
Phase 7 Post Processing Netlist | Checksum: f52ca145

Time (s): cpu = 00:00:05 ; elapsed = 00:00:19 . Memory (MB): peak = 2095.648 ; gain = 18.902
INFO: [Opt 31-389] Phase Post Processing Netlist created 0 cells and removed 0 cells
INFO: [Opt 31-1021] In phase Post Processing Netlist, 90 netlist objects are constrained preventing optimization. Please run opt_design with -debug_log to get more detail. 
Opt_design Change Summary
=========================


-------------------------------------------------------------------------------------------------------------------------
|  Phase                        |  #Cells created  |  #Cells Removed  |  #Constrained objects preventing optimizations  |
-------------------------------------------------------------------------------------------------------------------------
|  Retarget                     |              15  |             106  |                                             92  |
|  Constant propagation         |             247  |             694  |                                             76  |
|  Sweep                        |               0  |             378  |                                           1027  |
|  BUFG optimization            |               0  |               0  |                                              0  |
|  Shift Register Optimization  |               0  |               0  |                                              0  |
|  Post Processing Netlist      |               0  |               0  |                                             90  |
-------------------------------------------------------------------------------------------------------------------------



Starting Connectivity Check Task

Time (s): cpu = 00:00:00 ; elapsed = 00:00:00.038 . Memory (MB): peak = 2095.648 ; gain = 0.000
Ending Logic Optimization Task | Checksum: 1ab2ec8db

Time (s): cpu = 00:00:06 ; elapsed = 00:00:20 . Memory (MB): peak = 2095.648 ; gain = 18.902

Starting Power Optimization Task
INFO: [Pwropt 34-132] Skipping clock gating for clocks with a period < 2.00 ns.
INFO: [Timing 38-35] Done setting XDC timing constraints.
Running Vector-less Activity Propagation...
INFO: [Pwropt 34-9] Applying IDT optimizations ...
INFO: [Pwropt 34-10] Applying ODC optimizations ...

Finished Running Vector-less Activity Propagation


Starting PowerOpt Patch Enables Task
INFO: [Pwropt 34-162] WRITE_MODE attribute of 0 BRAM(s) out of a total of 31 has been updated to save power. Run report_power_opt to get a complete listing of the BRAMs updated.
INFO: [Pwropt 34-201] Structural ODC has moved 0 WE to EN ports
Number of BRAM Ports augmented: 53 newly gated: 0 Total Ports: 62
Ending PowerOpt Patch Enables Task | Checksum: b90da955

Time (s): cpu = 00:00:00 ; elapsed = 00:00:00.225 . Memory (MB): peak = 2214.680 ; gain = 0.000
Ending Power Optimization Task | Checksum: b90da955

Time (s): cpu = 00:00:09 ; elapsed = 00:00:05 . Memory (MB): peak = 2214.680 ; gain = 119.031

Starting Final Cleanup Task

Starting Logic Optimization Task
INFO: [Timing 38-35] Done setting XDC timing constraints.
Ending Logic Optimization Task | Checksum: 1c8d0c483

Time (s): cpu = 00:00:02 ; elapsed = 00:00:02 . Memory (MB): peak = 2214.680 ; gain = 0.000
Ending Final Cleanup Task | Checksum: 1c8d0c483

Time (s): cpu = 00:00:05 ; elapsed = 00:00:04 . Memory (MB): peak = 2214.680 ; gain = 0.000

Starting Netlist Obfuscation Task
Netlist sorting complete. Time (s): cpu = 00:00:00 ; elapsed = 00:00:00.007 . Memory (MB): peak = 2214.680 ; gain = 0.000
Ending Netlist Obfuscation Task | Checksum: 1c8d0c483

Time (s): cpu = 00:00:00 ; elapsed = 00:00:00.010 . Memory (MB): peak = 2214.680 ; gain = 0.000
INFO: [Common 17-83] Releasing license: Implementation
64 Infos, 3 Warnings, 0 Critical Warnings and 0 Errors encountered.
opt_design completed successfully
opt_design: Time (s): cpu = 00:00:35 ; elapsed = 00:00:44 . Memory (MB): peak = 2214.680 ; gain = 1062.598
INFO: [Timing 38-35] Done setting XDC timing constraints.
INFO: [Timing 38-480] Writing timing data to binary archive.
Writing XDEF routing.
Writing XDEF routing logical nets.
Writing XDEF routing special nets.
Write XDEF Complete: Time (s): cpu = 00:00:00 ; elapsed = 00:00:00.078 . Memory (MB): peak = 2214.680 ; gain = 0.000
INFO: [Common 17-1381] The checkpoint 'D:/ProgramasDoctorado/PrimerIP/overlay/PrimerIP.runs/impl_1/design_1_wrapper_opt.dcp' has been generated.
INFO: [runtcl-4] Executing : report_drc -file design_1_wrapper_drc_opted.rpt -pb design_1_wrapper_drc_opted.pb -rpx design_1_wrapper_drc_opted.rpx
Command: report_drc -file design_1_wrapper_drc_opted.rpt -pb design_1_wrapper_drc_opted.pb -rpx design_1_wrapper_drc_opted.rpx
INFO: [IP_Flow 19-1839] IP Catalog is up to date.
INFO: [DRC 23-27] Running DRC with 2 threads
INFO: [Vivado_Tcl 2-168] The results of DRC are in file D:/ProgramasDoctorado/PrimerIP/overlay/PrimerIP.runs/impl_1/design_1_wrapper_drc_opted.rpt.
report_drc completed successfully
INFO: [Chipscope 16-240] Debug cores have already been implemented
Command: place_design
Attempting to get a license for feature 'Implementation' and/or device 'xc7z020'
INFO: [Common 17-349] Got license for feature 'Implementation' and/or device 'xc7z020'
INFO: [DRC 23-27] Running DRC with 2 threads
INFO: [Vivado_Tcl 4-198] DRC finished with 0 Errors
INFO: [Vivado_Tcl 4-199] Please refer to the DRC report (report_drc) for more information.
Running DRC as a precondition to command place_design
INFO: [DRC 23-27] Running DRC with 2 threads
INFO: [Vivado_Tcl 4-198] DRC finished with 0 Errors
INFO: [Vivado_Tcl 4-199] Please refer to the DRC report (report_drc) for more information.

Starting Placer Task
INFO: [Place 30-611] Multithreading enabled for place_design using a maximum of 2 CPUs

Phase 1 Placer Initialization

Phase 1.1 Placer Initialization Netlist Sorting
Netlist sorting complete. Time (s): cpu = 00:00:00 ; elapsed = 00:00:00.008 . Memory (MB): peak = 2214.680 ; gain = 0.000
Phase 1.1 Placer Initialization Netlist Sorting | Checksum: f9ce39c2

Time (s): cpu = 00:00:00 ; elapsed = 00:00:00.019 . Memory (MB): peak = 2214.680 ; gain = 0.000
Netlist sorting complete. Time (s): cpu = 00:00:00 ; elapsed = 00:00:00.005 . Memory (MB): peak = 2214.680 ; gain = 0.000

Phase 1.2 IO Placement/ Clock Placement/ Build Placer Device
Phase 1.2 IO Placement/ Clock Placement/ Build Placer Device | Checksum: ee16fb85

Time (s): cpu = 00:00:02 ; elapsed = 00:00:01 . Memory (MB): peak = 2214.680 ; gain = 0.000

Phase 1.3 Build Placer Netlist Model
Phase 1.3 Build Placer Netlist Model | Checksum: 189a781a0

Time (s): cpu = 00:00:06 ; elapsed = 00:00:04 . Memory (MB): peak = 2214.680 ; gain = 0.000

Phase 1.4 Constrain Clocks/Macros
Phase 1.4 Constrain Clocks/Macros | Checksum: 189a781a0

Time (s): cpu = 00:00:06 ; elapsed = 00:00:04 . Memory (MB): peak = 2214.680 ; gain = 0.000
Phase 1 Placer Initialization | Checksum: 189a781a0

Time (s): cpu = 00:00:06 ; elapsed = 00:00:04 . Memory (MB): peak = 2214.680 ; gain = 0.000

Phase 2 Global Placement

Phase 2.1 Floorplanning
Phase 2.1 Floorplanning | Checksum: 1d2d09f82

Time (s): cpu = 00:00:07 ; elapsed = 00:00:05 . Memory (MB): peak = 2214.680 ; gain = 0.000

Phase 2.2 Update Timing before SLR Path Opt
Phase 2.2 Update Timing before SLR Path Opt | Checksum: 13a623311

Time (s): cpu = 00:00:09 ; elapsed = 00:00:06 . Memory (MB): peak = 2214.680 ; gain = 0.000

Phase 2.3 Post-Processing in Floorplanning
Phase 2.3 Post-Processing in Floorplanning | Checksum: 13a623311

Time (s): cpu = 00:00:09 ; elapsed = 00:00:06 . Memory (MB): peak = 2214.680 ; gain = 0.000

Phase 2.4 Global Placement Core

Phase 2.4.1 UpdateTiming Before Physical Synthesis
Phase 2.4.1 UpdateTiming Before Physical Synthesis | Checksum: 1522649af

Time (s): cpu = 00:00:23 ; elapsed = 00:00:16 . Memory (MB): peak = 2214.680 ; gain = 0.000

Phase 2.4.2 Physical Synthesis In Placer
INFO: [Physopt 32-1035] Found 0 LUTNM shape to break, 434 LUT instances to create LUTNM shape
INFO: [Physopt 32-1044] Break lutnm for timing: one critical 0, two critical 0, total 0, new lutff created 0
INFO: [Physopt 32-1138] End 1 Pass. Optimized 176 nets or LUTs. Breaked 0 LUT, combined 176 existing LUTs and moved 0 existing LUT
INFO: [Physopt 32-65] No nets found for high-fanout optimization.
INFO: [Physopt 32-232] Optimized 0 net. Created 0 new instance.
INFO: [Physopt 32-775] End 1 Pass. Optimized 0 net or cell. Created 0 new cell, deleted 0 existing cell and moved 0 existing cell
INFO: [Physopt 32-670] No setup violation found.  DSP Register Optimization was not performed.
INFO: [Physopt 32-670] No setup violation found.  Shift Register to Pipeline Optimization was not performed.
INFO: [Physopt 32-670] No setup violation found.  Shift Register Optimization was not performed.
INFO: [Physopt 32-670] No setup violation found.  BRAM Register Optimization was not performed.
INFO: [Physopt 32-670] No setup violation found.  URAM Register Optimization was not performed.
INFO: [Physopt 32-949] No candidate nets found for dynamic/static region interface net replication
INFO: [Physopt 32-775] End 1 Pass. Optimized 0 net or cell. Created 0 new cell, deleted 0 existing cell and moved 0 existing cell
Netlist sorting complete. Time (s): cpu = 00:00:00 ; elapsed = 00:00:00.011 . Memory (MB): peak = 2214.680 ; gain = 0.000

Summary of Physical Synthesis Optimizations
============================================


-----------------------------------------------------------------------------------------------------------------------------------------------------------
|  Optimization                                     |  Added Cells  |  Removed Cells  |  Optimized Cells/Nets  |  Dont Touch  |  Iterations  |  Elapsed   |
-----------------------------------------------------------------------------------------------------------------------------------------------------------
|  LUT Combining                                    |            0  |            176  |                   176  |           0  |           1  |  00:00:00  |
|  Retime                                           |            0  |              0  |                     0  |           0  |           1  |  00:00:00  |
|  Very High Fanout                                 |            0  |              0  |                     0  |           0  |           1  |  00:00:00  |
|  DSP Register                                     |            0  |              0  |                     0  |           0  |           0  |  00:00:00  |
|  Shift Register to Pipeline                       |            0  |              0  |                     0  |           0  |           0  |  00:00:00  |
|  Shift Register                                   |            0  |              0  |                     0  |           0  |           0  |  00:00:00  |
|  BRAM Register                                    |            0  |              0  |                     0  |           0  |           0  |  00:00:00  |
|  URAM Register                                    |            0  |              0  |                     0  |           0  |           0  |  00:00:00  |
|  Dynamic/Static Region Interface Net Replication  |            0  |              0  |                     0  |           0  |           1  |  00:00:00  |
|  Total                                            |            0  |            176  |                   176  |           0  |           4  |  00:00:00  |
-----------------------------------------------------------------------------------------------------------------------------------------------------------


Phase 2.4.2 Physical Synthesis In Placer | Checksum: 2014e9733

Time (s): cpu = 00:00:26 ; elapsed = 00:00:17 . Memory (MB): peak = 2214.680 ; gain = 0.000
Phase 2.4 Global Placement Core | Checksum: 206472d21

Time (s): cpu = 00:00:26 ; elapsed = 00:00:18 . Memory (MB): peak = 2214.680 ; gain = 0.000
Phase 2 Global Placement | Checksum: 206472d21

Time (s): cpu = 00:00:27 ; elapsed = 00:00:18 . Memory (MB): peak = 2214.680 ; gain = 0.000

Phase 3 Detail Placement

Phase 3.1 Commit Multi Column Macros
Phase 3.1 Commit Multi Column Macros | Checksum: 1f46f5a37

Time (s): cpu = 00:00:28 ; elapsed = 00:00:19 . Memory (MB): peak = 2214.680 ; gain = 0.000

Phase 3.2 Commit Most Macros & LUTRAMs
Phase 3.2 Commit Most Macros & LUTRAMs | Checksum: e6ae2d5a

Time (s): cpu = 00:00:31 ; elapsed = 00:00:21 . Memory (MB): peak = 2214.680 ; gain = 0.000

Phase 3.3 Area Swap Optimization
Phase 3.3 Area Swap Optimization | Checksum: 1267fde66

Time (s): cpu = 00:00:31 ; elapsed = 00:00:21 . Memory (MB): peak = 2214.680 ; gain = 0.000

Phase 3.4 Pipeline Register Optimization
Phase 3.4 Pipeline Register Optimization | Checksum: 183c0805b

Time (s): cpu = 00:00:31 ; elapsed = 00:00:21 . Memory (MB): peak = 2214.680 ; gain = 0.000

Phase 3.5 Small Shape Detail Placement
Phase 3.5 Small Shape Detail Placement | Checksum: 209209475

Time (s): cpu = 00:00:37 ; elapsed = 00:00:27 . Memory (MB): peak = 2214.680 ; gain = 0.000

Phase 3.6 Re-assign LUT pins
Phase 3.6 Re-assign LUT pins | Checksum: 23e8824ac

Time (s): cpu = 00:00:38 ; elapsed = 00:00:28 . Memory (MB): peak = 2214.680 ; gain = 0.000

Phase 3.7 Pipeline Register Optimization
Phase 3.7 Pipeline Register Optimization | Checksum: 22f520364

Time (s): cpu = 00:00:38 ; elapsed = 00:00:28 . Memory (MB): peak = 2214.680 ; gain = 0.000
Phase 3 Detail Placement | Checksum: 22f520364

Time (s): cpu = 00:00:38 ; elapsed = 00:00:28 . Memory (MB): peak = 2214.680 ; gain = 0.000

Phase 4 Post Placement Optimization and Clean-Up

Phase 4.1 Post Commit Optimization
INFO: [Timing 38-35] Done setting XDC timing constraints.

Phase 4.1.1 Post Placement Optimization
Post Placement Optimization Initialization | Checksum: 205e03acf

Phase 4.1.1.1 BUFG Insertion

Starting Physical Synthesis Task

Phase 1 Physical Synthesis Initialization
INFO: [Physopt 32-721] Multithreading enabled for phys_opt_design using a maximum of 2 CPUs
INFO: [Physopt 32-619] Estimated Timing Summary | WNS=-0.221 | TNS=-1.124 |
Phase 1 Physical Synthesis Initialization | Checksum: 1f1b1a357

Time (s): cpu = 00:00:02 ; elapsed = 00:00:00.870 . Memory (MB): peak = 2214.680 ; gain = 0.000
INFO: [Place 46-33] Processed net design_1_i/HOGv22_0/U0/dut/hog_cell_histogram_inst/angulo_inst/SR[0], BUFG insertion was skipped due to placement/routing conflicts.
INFO: [Place 46-56] BUFG insertion identified 1 candidate nets. Inserted BUFG: 0, Replicated BUFG Driver: 0, Skipped due to Placement/Routing Conflicts: 1, Skipped due to Timing Degradation: 0, Skipped due to Illegal Netlist: 0.
Ending Physical Synthesis Task | Checksum: 26979cd4f

Time (s): cpu = 00:00:02 ; elapsed = 00:00:01 . Memory (MB): peak = 2214.680 ; gain = 0.000
Phase 4.1.1.1 BUFG Insertion | Checksum: 205e03acf

Time (s): cpu = 00:00:46 ; elapsed = 00:00:33 . Memory (MB): peak = 2214.680 ; gain = 0.000

Phase 4.1.1.2 Post Placement Timing Optimization
INFO: [Place 30-746] Post Placement Timing Summary WNS=0.981. For the most accurate timing information please run report_timing.
Phase 4.1.1.2 Post Placement Timing Optimization | Checksum: 1e47dd097

Time (s): cpu = 00:00:47 ; elapsed = 00:00:35 . Memory (MB): peak = 2214.680 ; gain = 0.000

Time (s): cpu = 00:00:47 ; elapsed = 00:00:35 . Memory (MB): peak = 2214.680 ; gain = 0.000
Phase 4.1 Post Commit Optimization | Checksum: 1e47dd097

Time (s): cpu = 00:00:47 ; elapsed = 00:00:35 . Memory (MB): peak = 2214.680 ; gain = 0.000

Phase 4.2 Post Placement Cleanup
Phase 4.2 Post Placement Cleanup | Checksum: 1e47dd097

Time (s): cpu = 00:00:48 ; elapsed = 00:00:35 . Memory (MB): peak = 2214.680 ; gain = 0.000

Phase 4.3 Placer Reporting

Phase 4.3.1 Print Estimated Congestion
INFO: [Place 30-612] Post-Placement Estimated Congestion 
 ____________________________________________________
|           | Global Congestion | Short Congestion  |
| Direction | Region Size       | Region Size       |
|___________|___________________|___________________|
|      North|                1x1|                1x1|
|___________|___________________|___________________|
|      South|                1x1|                2x2|
|___________|___________________|___________________|
|       East|                1x1|                1x1|
|___________|___________________|___________________|
|       West|                1x1|                1x1|
|___________|___________________|___________________|

Phase 4.3.1 Print Estimated Congestion | Checksum: 1e47dd097

Time (s): cpu = 00:00:48 ; elapsed = 00:00:35 . Memory (MB): peak = 2214.680 ; gain = 0.000
Phase 4.3 Placer Reporting | Checksum: 1e47dd097

Time (s): cpu = 00:00:48 ; elapsed = 00:00:35 . Memory (MB): peak = 2214.680 ; gain = 0.000

Phase 4.4 Final Placement Cleanup
Netlist sorting complete. Time (s): cpu = 00:00:00 ; elapsed = 00:00:00.014 . Memory (MB): peak = 2214.680 ; gain = 0.000

Time (s): cpu = 00:00:48 ; elapsed = 00:00:35 . Memory (MB): peak = 2214.680 ; gain = 0.000
Phase 4 Post Placement Optimization and Clean-Up | Checksum: 1b86b233e

Time (s): cpu = 00:00:48 ; elapsed = 00:00:35 . Memory (MB): peak = 2214.680 ; gain = 0.000
Ending Placer Task | Checksum: f760a65b

Time (s): cpu = 00:00:48 ; elapsed = 00:00:35 . Memory (MB): peak = 2214.680 ; gain = 0.000
INFO: [Common 17-83] Releasing license: Implementation
101 Infos, 3 Warnings, 0 Critical Warnings and 0 Errors encountered.
place_design completed successfully
place_design: Time (s): cpu = 00:00:50 ; elapsed = 00:00:37 . Memory (MB): peak = 2214.680 ; gain = 0.000
INFO: [Timing 38-480] Writing timing data to binary archive.
Writing XDEF routing.
Writing XDEF routing logical nets.
Writing XDEF routing special nets.
Write XDEF Complete: Time (s): cpu = 00:00:06 ; elapsed = 00:00:02 . Memory (MB): peak = 2214.680 ; gain = 0.000
INFO: [Common 17-1381] The checkpoint 'D:/ProgramasDoctorado/PrimerIP/overlay/PrimerIP.runs/impl_1/design_1_wrapper_placed.dcp' has been generated.
INFO: [runtcl-4] Executing : report_io -file design_1_wrapper_io_placed.rpt
report_io: Time (s): cpu = 00:00:00 ; elapsed = 00:00:00.048 . Memory (MB): peak = 2214.680 ; gain = 0.000
INFO: [runtcl-4] Executing : report_utilization -file design_1_wrapper_utilization_placed.rpt -pb design_1_wrapper_utilization_placed.pb
INFO: [runtcl-4] Executing : report_control_sets -verbose -file design_1_wrapper_control_sets_placed.rpt
report_control_sets: Time (s): cpu = 00:00:00 ; elapsed = 00:00:00.057 . Memory (MB): peak = 2214.680 ; gain = 0.000
Command: route_design
Attempting to get a license for feature 'Implementation' and/or device 'xc7z020'
INFO: [Common 17-349] Got license for feature 'Implementation' and/or device 'xc7z020'
Running DRC as a precondition to command route_design
INFO: [DRC 23-27] Running DRC with 2 threads
INFO: [Vivado_Tcl 4-198] DRC finished with 0 Errors
INFO: [Vivado_Tcl 4-199] Please refer to the DRC report (report_drc) for more information.


Starting Routing Task
INFO: [Route 35-254] Multithreading enabled for route_design using a maximum of 2 CPUs

Phase 1 Build RT Design
Checksum: PlaceDB: 6c2d335f ConstDB: 0 ShapeSum: 8b3372fc RouteDB: 0
Post Restoration Checksum: NetGraph: fde9d6e9 NumContArr: 40581c0f Constraints: 0 Timing: 0
Phase 1 Build RT Design | Checksum: 13e41f2f8

Time (s): cpu = 00:00:27 ; elapsed = 00:00:21 . Memory (MB): peak = 2295.766 ; gain = 81.086

Phase 2 Router Initialization

Phase 2.1 Fix Topology Constraints
Phase 2.1 Fix Topology Constraints | Checksum: 13e41f2f8

Time (s): cpu = 00:00:27 ; elapsed = 00:00:21 . Memory (MB): peak = 2301.289 ; gain = 86.609

Phase 2.2 Pre Route Cleanup
Phase 2.2 Pre Route Cleanup | Checksum: 13e41f2f8

Time (s): cpu = 00:00:27 ; elapsed = 00:00:22 . Memory (MB): peak = 2301.289 ; gain = 86.609
 Number of Nodes with overlaps = 0

Phase 2.3 Update Timing
Phase 2.3 Update Timing | Checksum: 53393a27

Time (s): cpu = 00:00:35 ; elapsed = 00:00:27 . Memory (MB): peak = 2343.625 ; gain = 128.945
INFO: [Route 35-416] Intermediate Timing Summary | WNS=1.343  | TNS=0.000  | WHS=-0.288 | THS=-235.388|

