

****** Vivado v2022.2 (64-bit)
  **** SW Build 3671981 on Fri Oct 14 05:00:03 MDT 2022
  **** IP Build 3669848 on Fri Oct 14 08:30:02 MDT 2022
    ** Copyright 1986-2022 Xilinx, Inc. All Rights Reserved.

source d:/ProgramasDoctorado/PrimerIP/overlay/PrimerIP.runs/impl_1/.Xil/Vivado-16356-W1125/dc_drv.0/dc/debug_ip_core.tcl
# set_param project.singleFileAddWarning.threshold 0
# set_param chipscope.maxJobs 4
# set_param synth.enableIncremental 0
# set_param chipscope.flow 0
# set_param ips.addSpecialDataToCacheID 0
# set script_paths d:/ProgramasDoctorado/PrimerIP/overlay/PrimerIP.runs/impl_1/.Xil/Vivado-16356-W1125/dbg_hub_CV.0/out/get_cs_ip.tcl
# foreach script_path $script_paths { 
#     source $script_path
#     lappend debug_ip_vlnv $ip_vlnv 
#     lappend debug_ip_module_name $ip_module_name
#     lappend debug_params $params
#     lappend debug_intf_params $intf_params
#     lappend debug_connectivity $connectivity
#     lappend debug_output_xci $output_xci
#     lappend debug_output_dcp $output_dcp
#     lappend debug_output_dir $output_dir
#     lappend debug_synth_opts $synth_opts
#     lappend debug_xdc_files $xdc_files
# }
## set_param project.singleFileAddWarning.threshold 0
## set_param chipscope.maxJobs 4
## set_param synth.enableIncremental 0
## set_param chipscope.flow 0
## set part xc7z020clg400-1
## set board_part_repo_paths {}
## set board_part tul.com.tw:pynq-z2:part0:1.0
## set board_connections {}
## set tool_flow Vivado
## set ip_vlnv xilinx.com:ip:xsdbm:3.0
## set ip_module_name dbg_hub
## set params {{{PARAM_VALUE.C_BSCAN_MODE} {false} {PARAM_VALUE.C_BSCAN_MODE_WITH_CORE} {false} {PARAM_VALUE.C_CLK_INPUT_FREQ_HZ} {300000000} {PARAM_VALUE.C_ENABLE_CLK_DIVIDER} {false} {PARAM_VALUE.C_EN_BSCANID_VEC} {false} {PARAM_VALUE.C_NUM_BSCAN_MASTER_PORTS} {0} {PARAM_VALUE.C_TWO_PRIM_MODE} {false} {PARAM_VALUE.C_USER_SCAN_CHAIN} {1} {PARAM_VALUE.C_USE_EXT_BSCAN} {false} {PARAM_VALUE.C_XSDB_NUM_SLAVES} {1}}}
## set intf_params {}
## set connectivity {}
## set output_xci d:/ProgramasDoctorado/PrimerIP/overlay/PrimerIP.runs/impl_1/.Xil/Vivado-16356-W1125/dbg_hub_CV.0/out/result.xci
## set output_dcp d:/ProgramasDoctorado/PrimerIP/overlay/PrimerIP.runs/impl_1/.Xil/Vivado-16356-W1125/dbg_hub_CV.0/out/result.dcp
## set output_dir d:/ProgramasDoctorado/PrimerIP/overlay/PrimerIP.runs/impl_1/.Xil/Vivado-16356-W1125/dbg_hub_CV.0/out
## set ip_repo_paths D:/ProgramasDoctorado/PrimerIP/overlay/ip_repo
## set ip_output_repo D:/ProgramasDoctorado/PrimerIP/overlay/PrimerIP.cache/ip
## set ip_cache_permissions {read write}
## set oopbus_ip_repo_paths [get_param chipscope.oopbus_ip_repo_paths]
## set synth_opts {}
## set xdc_files {}
# set debug_ip_repo_paths $ip_repo_paths
# set debug_ip_output_repo $ip_output_repo
# set debug_ip_cache_permissions $ip_cache_permissions
# set debug_oopbus_ip_repo_paths [get_param chipscope.oopbus_ip_repo_paths]
# set ordering_constrs 1
# set jobs 4
# source {C:/Xilinx/Vivado/2022.2/scripts/ip/ipxchipscope.tcl}
INFO: [ProjectBase 1-489] The host OS only allows 260 characters in a normal path. The project is stored in a path with more than 80 characters. If you experience issues with IP, Block Designs, or files not being found, please consider moving the project to a location with a shorter path. Alternately consider using the OS subst command to map part of the path to a drive letter.
Current project path is 'd:/ProgramasDoctorado/PrimerIP/overlay/PrimerIP.runs/impl_1/.Xil/Vivado-16356-W1125/dc_drv.0/dc'
create_project: Time (s): cpu = 00:00:04 ; elapsed = 00:00:06 . Memory (MB): peak = 427.781 ; gain = 88.129
INFO: [IP_Flow 19-234] Refreshing IP repositories
INFO: [IP_Flow 19-1700] Loaded user IP repository 'd:/ProgramasDoctorado/PrimerIP/overlay/ip_repo'.
INFO: [IP_Flow 19-2313] Loaded Vivado IP repository 'C:/Xilinx/Vivado/2022.2/data/ip'.
IP SYNTH XDC FILES = 
Current synth_xdc_files = 
DBG: creating temporary IP: dbg_hub
d:/ProgramasDoctorado/PrimerIP/overlay/PrimerIP.runs/impl_1/.Xil/Vivado-16356-W1125/dc_drv.0/dc/prj_ip.srcs/sources_1/ip/dbg_hub/dbg_hub.xci
INFO: [IP_Flow 19-1686] Generating 'Instantiation Template' target for IP 'dbg_hub'...
INFO: [IP_Flow 19-1686] Generating 'Synthesis' target for IP 'dbg_hub'...
INFO: [IP_Flow 19-1686] Generating 'Simulation' target for IP 'dbg_hub'...
generation completed successfully
Succeeded copying xdc_files
Succeeded copying xci files
INFO: [IP_Flow 19-6924] IPCACHE: Running cache check for IP inst: dbg_hub
INFO: [IP_Flow 19-6922] IPCACHE: Exporting cached entry c363300abeb4feb8 to dir: d:/ProgramasDoctorado/PrimerIP/overlay/PrimerIP.runs/impl_1/.Xil/Vivado-16356-W1125/dbg_hub_CV.0/out
INFO: [IP_Flow 19-6928] IPCACHE: copied cached file d:/ProgramasDoctorado/PrimerIP/overlay/PrimerIP.cache/ip/2022.2/c/3/c363300abeb4feb8/dbg_hub.dcp to d:/ProgramasDoctorado/PrimerIP/overlay/PrimerIP.runs/impl_1/.Xil/Vivado-16356-W1125/dbg_hub_CV.0/out/result.dcp.
INFO: [IP_Flow 19-6926] IPCACHE: added file to list for BOM: d:/ProgramasDoctorado/PrimerIP/overlay/PrimerIP.runs/impl_1/.Xil/Vivado-16356-W1125/dbg_hub_CV.0/out/result.dcp
INFO: [IP_Flow 19-6928] IPCACHE: copied cached file d:/ProgramasDoctorado/PrimerIP/overlay/PrimerIP.cache/ip/2022.2/c/3/c363300abeb4feb8/dbg_hub_sim_netlist.v to d:/ProgramasDoctorado/PrimerIP/overlay/PrimerIP.runs/impl_1/.Xil/Vivado-16356-W1125/dbg_hub_CV.0/out/result_sim_netlist.v.
INFO: [IP_Flow 19-6926] IPCACHE: added file to list for BOM: d:/ProgramasDoctorado/PrimerIP/overlay/PrimerIP.runs/impl_1/.Xil/Vivado-16356-W1125/dbg_hub_CV.0/out/result_sim_netlist.v
INFO: [IP_Flow 19-6928] IPCACHE: copied cached file d:/ProgramasDoctorado/PrimerIP/overlay/PrimerIP.cache/ip/2022.2/c/3/c363300abeb4feb8/dbg_hub_sim_netlist.vhdl to d:/ProgramasDoctorado/PrimerIP/overlay/PrimerIP.runs/impl_1/.Xil/Vivado-16356-W1125/dbg_hub_CV.0/out/result_sim_netlist.vhdl.
INFO: [IP_Flow 19-6926] IPCACHE: added file to list for BOM: d:/ProgramasDoctorado/PrimerIP/overlay/PrimerIP.runs/impl_1/.Xil/Vivado-16356-W1125/dbg_hub_CV.0/out/result_sim_netlist.vhdl
INFO: [IP_Flow 19-6928] IPCACHE: copied cached file d:/ProgramasDoctorado/PrimerIP/overlay/PrimerIP.cache/ip/2022.2/c/3/c363300abeb4feb8/dbg_hub_stub.v to d:/ProgramasDoctorado/PrimerIP/overlay/PrimerIP.runs/impl_1/.Xil/Vivado-16356-W1125/dbg_hub_CV.0/out/result_stub.v.
INFO: [IP_Flow 19-6926] IPCACHE: added file to list for BOM: d:/ProgramasDoctorado/PrimerIP/overlay/PrimerIP.runs/impl_1/.Xil/Vivado-16356-W1125/dbg_hub_CV.0/out/result_stub.v
INFO: [IP_Flow 19-6928] IPCACHE: copied cached file d:/ProgramasDoctorado/PrimerIP/overlay/PrimerIP.cache/ip/2022.2/c/3/c363300abeb4feb8/dbg_hub_stub.vhdl to d:/ProgramasDoctorado/PrimerIP/overlay/PrimerIP.runs/impl_1/.Xil/Vivado-16356-W1125/dbg_hub_CV.0/out/result_stub.vhdl.
INFO: [IP_Flow 19-6926] IPCACHE: added file to list for BOM: d:/ProgramasDoctorado/PrimerIP/overlay/PrimerIP.runs/impl_1/.Xil/Vivado-16356-W1125/dbg_hub_CV.0/out/result_stub.vhdl
INFO: [IP_Flow 19-4838] Using cached IP synthesis design for IP dbg_hub, cache-ID = c363300abeb4feb8.
INFO: [InternalMarking_CacheHit-1] dbg_hub c363300abeb4feb8
# set failed [catch {ipx::chipscope::run_multi_gen_and_synth_ip_core $part $board_part $board_connections $board_part_repo_paths $tool_flow $debug_ip_vlnv $debug_ip_module_name $debug_params $debug_output_xci $debug_output_dcp $debug_output_dir $debug_ip_repo_paths $debug_ip_output_repo $debug_ip_cache_permissions $debug_oopbus_ip_repo_paths $debug_synth_opts $debug_xdc_files $ordering_constrs $jobs} errMessage]
# if { $failed } {
# send_msg_id {IP_Flow 19-3805} ERROR "Failed to generate and synthesize debug IPs. \n $errMessage"
#   exit 1
# }
INFO: [Common 17-206] Exiting Vivado at Mon May  5 14:25:50 2025...
